Archive member included to satisfy reference by file (symbol)

C:/devkitPRO/libtonc/lib\libtonc.a(tonc_input.o)
                              main.o (key_poll)
C:/devkitPRO/libtonc/lib\libtonc.a(tonc_oam.o)
                              main.o (oam_init)
C:/devkitPRO/libtonc/lib\libtonc.a(tte_init_se.o)
                              main.o (tte_init_se)
C:/devkitPRO/libtonc/lib\libtonc.a(tte_main.o)
                              C:/devkitPRO/libtonc/lib\libtonc.a(tte_init_se.o) (tte_init_base)
C:/devkitPRO/libtonc/lib\libtonc.a(tonc_bios_ex.o)
                              C:/devkitPRO/libtonc/lib\libtonc.a(tte_main.o) (VBlankIntrDelay)
C:/devkitPRO/libtonc/lib\libtonc.a(tonc_bios.o)
                              C:/devkitPRO/libtonc/lib\libtonc.a(tonc_input.o) (VBlankIntrWait)
C:/devkitPRO/libtonc/lib\libtonc.a(tonc_memcpy.o)
                              main.o (memcpy32)
C:/devkitPRO/libtonc/lib\libtonc.a(sys8.o)
                              main.o (sys8Font)
C:/devkitPRO/libtonc/lib\libtonc.a(toncfont.o)
                              main.o (toncfontTiles)
C:/devkitPRO/libtonc/lib\libtonc.a(tonc_surface.o)
                              C:/devkitPRO/libtonc/lib\libtonc.a(tte_init_se.o) (srf_init)
C:/devkitPRO/libtonc/lib\libtonc.a(se_drawg.o)
                              C:/devkitPRO/libtonc/lib\libtonc.a(tte_init_se.o) (se_erase)
C:/devkitPRO/libtonc/lib\libtonc.a(tonc_sbmp16.o)
                              C:/devkitPRO/libtonc/lib\libtonc.a(se_drawg.o) (sbmp16_rect)
C:/devkitPRO/libtonc/lib\libtonc.a(tonc_memset.o)
                              C:/devkitPRO/libtonc/lib\libtonc.a(tonc_sbmp16.o) (memset16)
C:/devkitPRO/devkitARM/bin/../lib/gcc/arm-none-eabi/15.1.0/thumb\libgcc.a(_divsi3.o)
                              C:/devkitPRO/libtonc/lib\libtonc.a(tte_main.o) (__aeabi_idiv)
C:/devkitPRO/devkitARM/bin/../lib/gcc/arm-none-eabi/15.1.0/thumb\libgcc.a(_dvmd_tls.o)
                              C:/devkitPRO/devkitARM/bin/../lib/gcc/arm-none-eabi/15.1.0/thumb\libgcc.a(_divsi3.o) (__aeabi_idiv0)
C:/devkitPRO/devkitARM/bin/../lib/gcc/arm-none-eabi/15.1.0/thumb\libgcc.a(_arm_addsubdf3.o)
                              ball.o (__aeabi_dadd)
C:/devkitPRO/devkitARM/bin/../lib/gcc/arm-none-eabi/15.1.0/thumb\libgcc.a(_arm_truncdfsf2.o)
                              ball.o (__aeabi_d2f)
C:/devkitPRO/devkitARM/bin/../lib/gcc/arm-none-eabi/15.1.0/thumb\libgcc.a(_arm_addsubsf3.o)
                              ball.o (__aeabi_fadd)
C:/devkitPRO/devkitARM/bin/../lib/gcc/arm-none-eabi/15.1.0/thumb\libgcc.a(_arm_cmpsf2.o)
                              ball.o (__aeabi_fcmple)
C:/devkitPRO/devkitARM/bin/../lib/gcc/arm-none-eabi/15.1.0/thumb\libgcc.a(_arm_fixsfsi.o)
                              ball.o (__aeabi_f2iz)
C:/devkitPRO/devkitARM/bin/../lib/gcc/arm-none-eabi/15.1.0/thumb\libgcc.a(_sync_none.o)
                              (__sync_synchronize_none)
C:/devkitPRO/devkitARM/bin/../lib/gcc/arm-none-eabi/15.1.0/../../../../arm-none-eabi/lib/thumb\libg.a(libc_a-rand.o)
                              main.o (srand)
C:/devkitPRO/devkitARM/bin/../lib/gcc/arm-none-eabi/15.1.0/../../../../arm-none-eabi/lib/thumb\libg.a(libc_a-sprintf.o)
                              byte_flag.o (sprintf)
C:/devkitPRO/devkitARM/bin/../lib/gcc/arm-none-eabi/15.1.0/../../../../arm-none-eabi/lib/thumb\libg.a(libc_a-init.o)
                              C:/devkitPRO/devkitARM/bin/../lib/gcc/arm-none-eabi/15.1.0/../../../../arm-none-eabi/lib/thumb/gba_crt0.o (__libc_init_array)
C:/devkitPRO/devkitARM/bin/../lib/gcc/arm-none-eabi/15.1.0/../../../../arm-none-eabi/lib/thumb\libg.a(libc_a-svfprintf.o)
                              C:/devkitPRO/devkitARM/bin/../lib/gcc/arm-none-eabi/15.1.0/../../../../arm-none-eabi/lib/thumb\libg.a(libc_a-sprintf.o) (_svfprintf_r)
C:/devkitPRO/devkitARM/bin/../lib/gcc/arm-none-eabi/15.1.0/../../../../arm-none-eabi/lib/thumb\libg.a(libc_a-strtol.o)
                              C:/devkitPRO/libtonc/lib\libtonc.a(tte_main.o) (strtol)
C:/devkitPRO/devkitARM/bin/../lib/gcc/arm-none-eabi/15.1.0/../../../../arm-none-eabi/lib/thumb\libg.a(libc_a-ctype_.o)
                              C:/devkitPRO/libtonc/lib\libtonc.a(tte_main.o) (_ctype_)
C:/devkitPRO/devkitARM/bin/../lib/gcc/arm-none-eabi/15.1.0/../../../../arm-none-eabi/lib/thumb\libg.a(libc_a-memset.o)
                              C:/devkitPRO/libtonc/lib\libtonc.a(tte_main.o) (memset)
C:/devkitPRO/devkitARM/bin/../lib/gcc/arm-none-eabi/15.1.0/../../../../arm-none-eabi/lib/thumb\libg.a(libc_a-strcmp.o)
                              byte_flag.o (strcmp)
C:/devkitPRO/devkitARM/bin/../lib/gcc/arm-none-eabi/15.1.0/../../../../arm-none-eabi/lib/thumb\libg.a(libc_a-strncpy.o)
                              C:/devkitPRO/devkitARM/bin/../lib/gcc/arm-none-eabi/15.1.0/../../../../arm-none-eabi/lib/thumb\libg.a(libc_a-svfprintf.o) (strncpy)
[...]
Memory Configuration

Name             Origin             Length             Attributes
rom              0x08000000         0x02000000
iwram            0x03000000         0x00008000
ewram            0x02000000         0x00040000
*default*        0x00000000         0xffffffff

Linker script and memory map

                0x00000000                        __sync_synchronize = __sync_synchronize_none
                0x08000000                        __text_start = ORIGIN (rom)
                0x02040000                        __eheap_end = (ORIGIN (ewram) + LENGTH (ewram))
                0x03000000                        __iwram_start = ORIGIN (iwram)
                0x03008000                        __iwram_top = (ORIGIN (iwram) + LENGTH (iwram))
                0x03007fa0                        __sp_irq = (__iwram_top - 0x60)
                0x03007f00                        __sp_usr = (__sp_irq - 0xa0)
                0x03007ff8                        __irq_flags = 0x3007ff8
                0x08000000                        . = __text_start

.crt0           0x08000000      0x210
 *(.crt0)
 .crt0          0x08000000      0x210 C:/devkitPRO/devkitARM/bin/../lib/gcc/arm-none-eabi/15.1.0/../../../../arm-none-eabi/lib/thumb/gba_crt0.o
                0x08000000                _start
                0x080000c4                __boot_method
                0x080000c5                __slave_number
                0x080000e0                start_vector
                0x08000210                        . = ALIGN (0x4)

.init           0x08000210        0xc
 *(SORT_NONE(.init))
 .init          0x08000210        0x4 C:/devkitPRO/devkitARM/bin/../lib/gcc/arm-none-eabi/15.1.0/thumb/crti.o
                0x08000210                _init
 .init          0x08000214        0x8 C:/devkitPRO/devkitARM/bin/../lib/gcc/arm-none-eabi/15.1.0/thumb/crtn.o

.plt            0x0800021c        0x0
 *(.plt)
                0x0800021c                        . = ALIGN (0x4)

.text           0x08000220     0xb800
 *(EXCLUDE_FILE(*.iwram*) .text*)
 .text.__do_global_dtors_aux
                0x08000220       0x2c C:/devkitPRO/devkitARM/bin/../lib/gcc/arm-none-eabi/15.1.0/thumb/crtbegin.o
 .text.frame_dummy
                0x0800024c       0x24 C:/devkitPRO/devkitARM/bin/../lib/gcc/arm-none-eabi/15.1.0/thumb/crtbegin.o
 .text          0x08000270       0xfc ball.o
                0x08000270                ball_init
                0x080002c4                ball_update
 .text          0x0800036c      0x144 byte_flag.o
                0x0800036c                generate_next_byte
                0x08000390                generate_next_flag
                0x080003b4                draw_byte_bits
                0x080003fc                byte_logic
 .text.startup  0x080004b0      0x13c main.o
                0x080004b0                main
 .text          0x080005ec       0xac C:/devkitPRO/libtonc/lib\libtonc.a(tonc_input.o)
                0x080005ec                key_poll
                0x08000644                key_wait_till_hit
                0x08000668                key_repeat
                0x08000674                key_repeat_mask
                0x08000684                key_repeat_limits
 .text          0x08000698       0xc0 C:/devkitPRO/libtonc/lib\libtonc.a(tonc_oam.o)
                0x08000698                oam_init
                0x080006e4                obj_copy
                0x08000704                obj_hide_multi
                0x0800072c                obj_unhide_multi
 .text          0x08000758      0x160 C:/devkitPRO/libtonc/lib\libtonc.a(tte_init_se.o)
                0x08000758                tte_init_se
 .text          0x080008b8      0x984 C:/devkitPRO/libtonc/lib\libtonc.a(tte_main.o)
                0x080008b8                dummy_drawg
                0x080008bc                dummy_erase
                0x080008c0                tte_set_context
                0x080008d8                tte_set_color_attr
                0x080008e8                tte_set_color_attrs
                0x08000904                tte_set_color
                0x08000924                tte_set_colors
                0x08000974                tte_init_base
                0x08000a04                utf8_decode_char
                0x08000abc                tte_cmd_skip
                0x08000acc                tte_cmd_next
                0x08000b00                tte_putc
                0x08000b50                tte_erase_rect
                0x08000b6c                tte_erase_screen
                0x08000b90                tte_erase_line
                0x08000bb8                tte_cmd_default
                0x08001044                tte_write
                0x08001124                tte_write_ex
                0x08001154                tte_get_text_size
                0x0800121c                tte_set_margins
 .text          0x0800123c       0x54 C:/devkitPRO/libtonc/lib\libtonc.a(tonc_bios_ex.o)
                0x0800123c                VBlankIntrDelay
                0x0800124c                DivSafe
                0x08001260                Mod
                0x08001268                DivAbs
                0x08001270                DivArmMod
                0x08001278                DivArmAbs
                0x08001280                CpuFastFill
 .text          0x08001290       0x8c C:/devkitPRO/libtonc/lib\libtonc.a(tonc_bios.o)
                0x08001290                SoftReset
                0x08001294                RegisterRamReset
                0x08001298                Halt
                0x0800129c                Stop
                0x080012a0                IntrWait
                0x080012a4                VBlankIntrWait
                0x080012a8                Div
                0x080012ac                DivArm
                0x080012b0                Sqrt
                0x080012b4                ArcTan
                0x080012b8                ArcTan2
                0x080012bc                CpuSet
                0x080012c0                CpuFastSet
                0x080012c4                BiosCheckSum
                0x080012c8                BgAffineSet
                0x080012cc                ObjAffineSet
                0x080012d0                BitUnPack
                0x080012d4                LZ77UnCompWram
                0x080012d8                LZ77UnCompVram
                0x080012dc                HuffUnComp
                0x080012e0                RLUnCompWram
                0x080012e4                RLUnCompVram
                0x080012e8                Diff8bitUnFilterWram
                0x080012ec                Diff8bitUnFilterVram
                0x080012f0                Diff16bitUnFilter
                0x080012f4                SoundBias
                0x080012f8                SoundDriverInit
                0x080012fc                SoundDriverMode
                0x08001300                SoundDriverMain
                0x08001304                SoundDriverVSync
                0x08001308                SoundChannelClear
                0x0800130c                MidiKey2Freq
                0x08001310                MultiBoot
                0x08001314                SoundDriverVSyncOff
                0x08001318                SoundDriverVSyncOn
 .text          0x0800131c       0x44 C:/devkitPRO/libtonc/lib\libtonc.a(tonc_memcpy.o)
                0x0800131c                memcpy16
 .text          0x08001360      0x154 C:/devkitPRO/libtonc/lib\libtonc.a(tonc_surface.o)
                0x08001360                srf_init
                0x08001420                srf_pal_copy
                0x0800144c                srf_get_ptr
 .text          0x080014b4      0x170 C:/devkitPRO/libtonc/lib\libtonc.a(se_drawg.o)
                0x080014b4                se_erase
                0x080014e0                se_drawg_w8h8
                0x0800150c                se_drawg_w8h16
                0x0800154c                se_drawg
                0x080015b8                se_drawg_s
 .text          0x08001624      0x538 C:/devkitPRO/libtonc/lib\libtonc.a(tonc_sbmp16.o)
                0x08001624                sbmp16_get_pixel
                0x08001634                sbmp16_plot
                0x08001648                sbmp16_vline
                0x08001688                sbmp16_line
                0x0800177c                sbmp16_hline
                0x080017ac                sbmp16_blit
                0x08001914                sbmp16_frame
                0x080019a8                sbmp16_rect
                0x08001a14                sbmp16_floodfill_internal
                0x08001b2c                sbmp16_floodfill
 .text          0x08001b5c       0x3c C:/devkitPRO/libtonc/lib\libtonc.a(tonc_memset.o)
                0x08001b5c                memset16
 .text          0x08001b98      0x150 C:/devkitPRO/devkitARM/bin/../lib/gcc/arm-none-eabi/15.1.0/thumb\libgcc.a(_divsi3.o)
                0x08001b98                __divsi3
                0x08001b98                __aeabi_idiv
                0x08001cc8                __aeabi_idivmod
 .text          0x08001ce8        0x4 C:/devkitPRO/devkitARM/bin/../lib/gcc/arm-none-eabi/15.1.0/thumb\libgcc.a(_dvmd_tls.o)
                0x08001ce8                __aeabi_idiv0
                0x08001ce8                __aeabi_ldiv0
 .text          0x08001cec      0x424 C:/devkitPRO/devkitARM/bin/../lib/gcc/arm-none-eabi/15.1.0/thumb\libgcc.a(_arm_addsubdf3.o)
                0x08001cec                __aeabi_drsub
                0x08001cf4                __aeabi_dsub
                0x08001cf4                __subdf3
                0x08001cf8                __aeabi_dadd
                0x08001cf8                __adddf3
                0x08002008                __floatunsidf
                0x08002008                __aeabi_ui2d
                0x0800202c                __floatsidf
                0x0800202c                __aeabi_i2d
                0x08002054                __aeabi_f2d
                0x08002054                __extendsfdf2
                0x0800209c                __floatundidf
                0x0800209c                __aeabi_ul2d
                0x080020b0                __floatdidf
                0x080020b0                __aeabi_l2d
 .text          0x08002110       0xa0 C:/devkitPRO/devkitARM/bin/../lib/gcc/arm-none-eabi/15.1.0/thumb\libgcc.a(_arm_truncdfsf2.o)
                0x08002110                __truncdfsf2
                0x08002110                __aeabi_d2f
 .text          0x080021b0      0x2ac C:/devkitPRO/devkitARM/bin/../lib/gcc/arm-none-eabi/15.1.0/thumb\libgcc.a(_arm_addsubsf3.o)
                0x080021b0                __aeabi_frsub
                0x080021b8                __subsf3
                0x080021b8                __aeabi_fsub
                0x080021bc                __aeabi_fadd
                0x080021bc                __addsf3
                0x08002378                __aeabi_ui2f
                0x08002378                __floatunsisf
                0x08002380                __aeabi_i2f
                0x08002380                __floatsisf
                0x080023a0                __aeabi_ul2f
                0x080023a0                __floatundisf
                0x080023b0                __aeabi_l2f
                0x080023b0                __floatdisf
 .text          0x0800245c      0x114 C:/devkitPRO/devkitARM/bin/../lib/gcc/arm-none-eabi/15.1.0/thumb\libgcc.a(_arm_cmpsf2.o)
                0x0800245c                __gesf2
                0x0800245c                __gtsf2
                0x08002464                __lesf2
                0x08002464                __ltsf2
                0x0800246c                __nesf2
                0x0800246c                __eqsf2
                0x0800246c                __cmpsf2
                0x080024d0                __aeabi_cfrcmple
                0x080024e0                __aeabi_cfcmpeq
                0x080024e0                __aeabi_cfcmple
                0x080024f8                __aeabi_fcmpeq
                0x08002510                __aeabi_fcmplt
                0x08002528                __aeabi_fcmple
                0x08002540                __aeabi_fcmpge
                0x08002558                __aeabi_fcmpgt
 .text          0x08002570       0x5c C:/devkitPRO/devkitARM/bin/../lib/gcc/arm-none-eabi/15.1.0/thumb\libgcc.a(_arm_fixsfsi.o)
                0x08002570                __aeabi_f2iz
                0x08002570                __fixsfsi
 .text.srand    0x080025cc       0x18 C:/devkitPRO/devkitARM/bin/../lib/gcc/arm-none-eabi/15.1.0/../../../../arm-none-eabi/lib/thumb\libg.a(libc_a-rand.o)
                0x080025cc                srand
 .text.rand     0x080025e4       0x30 C:/devkitPRO/devkitARM/bin/../lib/gcc/arm-none-eabi/15.1.0/../../../../arm-none-eabi/lib/thumb\libg.a(libc_a-rand.o)
                0x080025e4                rand
 .text.sprintf  0x08002614       0x44 C:/devkitPRO/devkitARM/bin/../lib/gcc/arm-none-eabi/15.1.0/../../../../arm-none-eabi/lib/thumb\libg.a(libc_a-sprintf.o)
                0x08002614                sprintf
 .text.__libc_init_array
                0x08002658       0x54 C:/devkitPRO/devkitARM/bin/../lib/gcc/arm-none-eabi/15.1.0/../../../../arm-none-eabi/lib/thumb\libg.a(libc_a-init.o)
                0x08002658                __libc_init_array
 .text.get_arg  0x080026ac      0x404 C:/devkitPRO/devkitARM/bin/../lib/gcc/arm-none-eabi/15.1.0/../../../../arm-none-eabi/lib/thumb\libg.a(libc_a-svfprintf.o)
 .text._svfprintf_r
                0x08002ab0     0x22d8 C:/devkitPRO/devkitARM/bin/../lib/gcc/arm-none-eabi/15.1.0/../../../../arm-none-eabi/lib/thumb\libg.a(libc_a-svfprintf.o)
                0x08002ab0                _svfprintf_r
 .text._strtol_l.part.0
                0x08004d88      0x25c C:/devkitPRO/devkitARM/bin/../lib/gcc/arm-none-eabi/15.1.0/../../../../arm-none-eabi/lib/thumb\libg.a(libc_a-strtol.o)
 .text.strtol   0x08004fe4       0x38 C:/devkitPRO/devkitARM/bin/../lib/gcc/arm-none-eabi/15.1.0/../../../../arm-none-eabi/lib/thumb\libg.a(libc_a-strtol.o)
                0x08004fe4                strtol
 .text.memset   0x0800501c       0x8c C:/devkitPRO/devkitARM/bin/../lib/gcc/arm-none-eabi/15.1.0/../../../../arm-none-eabi/lib/thumb\libg.a(libc_a-memset.o)
                0x0800501c                memset
 .text          0x080050a8      0x224 C:/devkitPRO/devkitARM/bin/../lib/gcc/arm-none-eabi/15.1.0/../../../../arm-none-eabi/lib/thumb\libg.a(libc_a-strcmp.o)
                0x080050a8                strcmp
 .text.strncpy  0x080052cc       0x68 C:/devkitPRO/devkitARM/bin/../lib/gcc/arm-none-eabi/15.1.0/../../../../arm-none-eabi/lib/thumb\libg.a(libc_a-strncpy.o)
                0x080052cc                strncpy
 .text.memcpy   0x08005334       0xb0 C:/devkitPRO/devkitARM/bin/../lib/gcc/arm-none-eabi/15.1.0/../../../../arm-none-eabi/lib/thumb\libg.a(libc_a-memcpy-stub.o)
                0x08005334                memcpy
 .text._wcsrtombs_r
                0x080053e4       0x20 C:/devkitPRO/devkitARM/bin/../lib/gcc/arm-none-eabi/15.1.0/../../../../arm-none-eabi/lib/thumb\libg.a(libc_a-wcsrtombs.o)
                0x080053e4                _wcsrtombs_r
 .text.frexp    0x08005404       0x74 C:/devkitPRO/devkitARM/bin/../lib/gcc/arm-none-eabi/15.1.0/../../../../arm-none-eabi/lib/thumb\libg.a(libm_a-s_frexp.o)
                0x08005404                frexp
 .text.__locale_mb_cur_max
                0x08005478       0x20 C:/devkitPRO/devkitARM/bin/../lib/gcc/arm-none-eabi/15.1.0/../../../../arm-none-eabi/lib/thumb\libg.a(libc_a-locale.o)
                0x08005478                __locale_mb_cur_max
 .text.__ssprint_r
                0x08005498       0x60 C:/devkitPRO/devkitARM/bin/../lib/gcc/arm-none-eabi/15.1.0/../../../../arm-none-eabi/lib/thumb\libg.a(libc_a-ssprint_r.o)
                0x08005498                __ssprint_r
 .text.strlen   0x080054f8       0x60 C:/devkitPRO/devkitARM/bin/../lib/gcc/arm-none-eabi/15.1.0/../../../../arm-none-eabi/lib/thumb\libg.a(libc_a-strlen.o)
                0x080054f8                strlen
 .text._wcsnrtombs_l
                0x08005558      0x11c C:/devkitPRO/devkitARM/bin/../lib/gcc/arm-none-eabi/15.1.0/../../../../arm-none-eabi/lib/thumb\libg.a(libc_a-wcsnrtombs.o)
                0x08005558                _wcsnrtombs_l
 .text._wcsnrtombs_r
                0x08005674       0x40 C:/devkitPRO/devkitARM/bin/../lib/gcc/arm-none-eabi/15.1.0/../../../../arm-none-eabi/lib/thumb\libg.a(libc_a-wcsnrtombs.o)
                0x08005674                _wcsnrtombs_r
 .text.__utf8_mbtowc
                0x080056b4      0x24c C:/devkitPRO/devkitARM/bin/../lib/gcc/arm-none-eabi/15.1.0/../../../../arm-none-eabi/lib/thumb\libg.a(libc_a-mbtowc_r.o)
                0x080056b4                __utf8_mbtowc
 .text.__errno  0x08005900        0xc C:/devkitPRO/devkitARM/bin/../lib/gcc/arm-none-eabi/15.1.0/../../../../arm-none-eabi/lib/thumb\libg.a(libc_a-errno.o)
                0x08005900                __errno
 .text._localeconv_r
                0x0800590c       0x1c C:/devkitPRO/devkitARM/bin/../lib/gcc/arm-none-eabi/15.1.0/../../../../arm-none-eabi/lib/thumb\libg.a(libc_a-localeconv.o)
                0x0800590c                _localeconv_r
 .text._malloc_r
                0x08005928      0x550 C:/devkitPRO/devkitARM/bin/../lib/gcc/arm-none-eabi/15.1.0/../../../../arm-none-eabi/lib/thumb\libg.a(libc_a-mallocr.o)
                0x08005928                _malloc_r
 .text.memchr   0x08005e78       0x74 C:/devkitPRO/devkitARM/bin/../lib/gcc/arm-none-eabi/15.1.0/../../../../arm-none-eabi/lib/thumb\libg.a(libc_a-memchr-stub.o)
                0x08005e78                memchr
 .text.quorem   0x08005eec      0x160 C:/devkitPRO/devkitARM/bin/../lib/gcc/arm-none-eabi/15.1.0/../../../../arm-none-eabi/lib/thumb\libg.a(libc_a-dtoa.o)
 .text._dtoa_r  0x0800604c     0x10b0 C:/devkitPRO/devkitARM/bin/../lib/gcc/arm-none-eabi/15.1.0/../../../../arm-none-eabi/lib/thumb\libg.a(libc_a-dtoa.o)
                0x0800604c                _dtoa_r
 .text._wcrtomb_r
                0x080070fc       0x84 C:/devkitPRO/devkitARM/bin/../lib/gcc/arm-none-eabi/15.1.0/../../../../arm-none-eabi/lib/thumb\libg.a(libc_a-wcrtomb.o)
                0x080070fc                _wcrtomb_r
 .text._malloc_trim_r
                0x08007180       0xac C:/devkitPRO/devkitARM/bin/../lib/gcc/arm-none-eabi/15.1.0/../../../../arm-none-eabi/lib/thumb\libg.a(libc_a-freer.o)
                0x08007180                _malloc_trim_r
 .text._free_r  0x0800722c      0x1d8 C:/devkitPRO/devkitARM/bin/../lib/gcc/arm-none-eabi/15.1.0/../../../../arm-none-eabi/lib/thumb\libg.a(libc_a-freer.o)
                0x0800722c                _free_r
 .text.__ssputs_r
                0x08007404       0xd4 C:/devkitPRO/devkitARM/bin/../lib/gcc/arm-none-eabi/15.1.0/../../../../arm-none-eabi/lib/thumb\libg.a(libc_a-ssputs_r.o)
                0x08007404                __ssputs_r
 .text.__malloc_lock
                0x080074d8       0x14 C:/devkitPRO/devkitARM/bin/../lib/gcc/arm-none-eabi/15.1.0/../../../../arm-none-eabi/lib/thumb\libg.a(libc_a-mlock.o)
                0x080074d8                __malloc_lock
 .text.__malloc_unlock
                0x080074ec       0x14 C:/devkitPRO/devkitARM/bin/../lib/gcc/arm-none-eabi/15.1.0/../../../../arm-none-eabi/lib/thumb\libg.a(libc_a-mlock.o)
                0x080074ec                __malloc_unlock
 .text.__utf8_wctomb
                0x08007500       0xbc C:/devkitPRO/devkitARM/bin/../lib/gcc/arm-none-eabi/15.1.0/../../../../arm-none-eabi/lib/thumb\libg.a(libc_a-wctomb_r.o)
                0x08007500                __utf8_wctomb
 .text.memmove  0x080075bc       0xcc C:/devkitPRO/devkitARM/bin/../lib/gcc/arm-none-eabi/15.1.0/../../../../arm-none-eabi/lib/thumb\libg.a(libc_a-memmove.o)
                0x080075bc                memmove
 .text.__assert_func
                0x08007688       0x40 C:/devkitPRO/devkitARM/bin/../lib/gcc/arm-none-eabi/15.1.0/../../../../arm-none-eabi/lib/thumb\libg.a(libc_a-assert.o)
                0x08007688                __assert_func
 .text._Balloc  0x080076c8       0x5c C:/devkitPRO/devkitARM/bin/../lib/gcc/arm-none-eabi/15.1.0/../../../../arm-none-eabi/lib/thumb\libg.a(libc_a-mprec.o)
                0x080076c8                _Balloc
 .text._Bfree   0x08007724       0x14 C:/devkitPRO/devkitARM/bin/../lib/gcc/arm-none-eabi/15.1.0/../../../../arm-none-eabi/lib/thumb\libg.a(libc_a-mprec.o)
                0x08007724                _Bfree
 .text.__multadd
                0x08007738       0xa8 C:/devkitPRO/devkitARM/bin/../lib/gcc/arm-none-eabi/15.1.0/../../../../arm-none-eabi/lib/thumb\libg.a(libc_a-mprec.o)
                0x08007738                __multadd
 .text.__hi0bits
                0x080077e0       0x60 C:/devkitPRO/devkitARM/bin/../lib/gcc/arm-none-eabi/15.1.0/../../../../arm-none-eabi/lib/thumb\libg.a(libc_a-mprec.o)
                0x080077e0                __hi0bits
 .text.__lo0bits
                0x08007840       0x8c C:/devkitPRO/devkitARM/bin/../lib/gcc/arm-none-eabi/15.1.0/../../../../arm-none-eabi/lib/thumb\libg.a(libc_a-mprec.o)
                0x08007840                __lo0bits
 .text.__i2b    0x080078cc       0x64 C:/devkitPRO/devkitARM/bin/../lib/gcc/arm-none-eabi/15.1.0/../../../../arm-none-eabi/lib/thumb\libg.a(libc_a-mprec.o)
                0x080078cc                __i2b
 .text.__multiply
                0x08007930      0x1b4 C:/devkitPRO/devkitARM/bin/../lib/gcc/arm-none-eabi/15.1.0/../../../../arm-none-eabi/lib/thumb\libg.a(libc_a-mprec.o)
                0x08007930                __multiply
 .text.__pow5mult
                0x08007ae4       0xd8 C:/devkitPRO/devkitARM/bin/../lib/gcc/arm-none-eabi/15.1.0/../../../../arm-none-eabi/lib/thumb\libg.a(libc_a-mprec.o)
                0x08007ae4                __pow5mult
 .text.__lshift
                0x08007bbc       0xf8 C:/devkitPRO/devkitARM/bin/../lib/gcc/arm-none-eabi/15.1.0/../../../../arm-none-eabi/lib/thumb\libg.a(libc_a-mprec.o)
                0x08007bbc                __lshift
 .text.__mcmp   0x08007cb4       0x50 C:/devkitPRO/devkitARM/bin/../lib/gcc/arm-none-eabi/15.1.0/../../../../arm-none-eabi/lib/thumb\libg.a(libc_a-mprec.o)
                0x08007cb4                __mcmp
 .text.__mdiff  0x08007d04      0x1a4 C:/devkitPRO/devkitARM/bin/../lib/gcc/arm-none-eabi/15.1.0/../../../../arm-none-eabi/lib/thumb\libg.a(libc_a-mprec.o)
                0x08007d04                __mdiff
 .text.__d2b    0x08007ea8       0xd4 C:/devkitPRO/devkitARM/bin/../lib/gcc/arm-none-eabi/15.1.0/../../../../arm-none-eabi/lib/thumb\libg.a(libc_a-mprec.o)
                0x08007ea8                __d2b
 .text.fiprintf
                0x08007f7c       0x28 C:/devkitPRO/devkitARM/bin/../lib/gcc/arm-none-eabi/15.1.0/../../../../arm-none-eabi/lib/thumb\libg.a(libc_a-fiprintf.o)
                0x08007f7c                fiprintf
 .text.abort    0x08007fa4       0x10 C:/devkitPRO/devkitARM/bin/../lib/gcc/arm-none-eabi/15.1.0/../../../../arm-none-eabi/lib/thumb\libg.a(libc_a-abort.o)
                0x08007fa4                abort
 .text._calloc_r
                0x08007fb4       0xcc C:/devkitPRO/devkitARM/bin/../lib/gcc/arm-none-eabi/15.1.0/../../../../arm-none-eabi/lib/thumb\libg.a(libc_a-callocr.o)
                0x08007fb4                _calloc_r
 .text._realloc_r
                0x08008080      0x344 C:/devkitPRO/devkitARM/bin/../lib/gcc/arm-none-eabi/15.1.0/../../../../arm-none-eabi/lib/thumb\libg.a(libc_a-reallocr.o)
                0x08008080                _realloc_r
 .text._raise_r
                0x080083c4       0x60 C:/devkitPRO/devkitARM/bin/../lib/gcc/arm-none-eabi/15.1.0/../../../../arm-none-eabi/lib/thumb\libg.a(libc_a-signal.o)
                0x080083c4                _raise_r
 .text.raise    0x08008424       0x14 C:/devkitPRO/devkitARM/bin/../lib/gcc/arm-none-eabi/15.1.0/../../../../arm-none-eabi/lib/thumb\libg.a(libc_a-signal.o)
                0x08008424                raise
 .text.get_arg  0x08008438      0x404 C:/devkitPRO/devkitARM/bin/../lib/gcc/arm-none-eabi/15.1.0/../../../../arm-none-eabi/lib/thumb\libg.a(libc_a-vfiprintf.o)
 .text._vfiprintf_r
                0x0800883c     0x16d0 C:/devkitPRO/devkitARM/bin/../lib/gcc/arm-none-eabi/15.1.0/../../../../arm-none-eabi/lib/thumb\libg.a(libc_a-vfiprintf.o)
                0x0800883c                _vfiprintf_r
 .text.__sbprintf
                0x08009f0c       0x7c C:/devkitPRO/devkitARM/bin/../lib/gcc/arm-none-eabi/15.1.0/../../../../arm-none-eabi/lib/thumb\libg.a(libc_a-vfiprintf.o)
 .text.stdio_exit_handler
                0x08009f88       0x20 C:/devkitPRO/devkitARM/bin/../lib/gcc/arm-none-eabi/15.1.0/../../../../arm-none-eabi/lib/thumb\libg.a(libc_a-findfp.o)
 .text.cleanup_stdio
                0x08009fa8       0x40 C:/devkitPRO/devkitARM/bin/../lib/gcc/arm-none-eabi/15.1.0/../../../../arm-none-eabi/lib/thumb\libg.a(libc_a-findfp.o)
 .text.global_stdio_init.part.0
                0x08009fe8      0x120 C:/devkitPRO/devkitARM/bin/../lib/gcc/arm-none-eabi/15.1.0/../../../../arm-none-eabi/lib/thumb\libg.a(libc_a-findfp.o)
 .text.__sinit  0x0800a108       0x3c C:/devkitPRO/devkitARM/bin/../lib/gcc/arm-none-eabi/15.1.0/../../../../arm-none-eabi/lib/thumb\libg.a(libc_a-findfp.o)
                0x0800a108                __sinit
 .text.__sfp_lock_acquire
                0x0800a144       0x14 C:/devkitPRO/devkitARM/bin/../lib/gcc/arm-none-eabi/15.1.0/../../../../arm-none-eabi/lib/thumb\libg.a(libc_a-findfp.o)
                0x0800a144                __sfp_lock_acquire
 .text.__sfp_lock_release
                0x0800a158       0x14 C:/devkitPRO/devkitARM/bin/../lib/gcc/arm-none-eabi/15.1.0/../../../../arm-none-eabi/lib/thumb\libg.a(libc_a-findfp.o)
                0x0800a158                __sfp_lock_release
 .text._fwalk_sglue
                0x0800a16c       0x4c C:/devkitPRO/devkitARM/bin/../lib/gcc/arm-none-eabi/15.1.0/../../../../arm-none-eabi/lib/thumb\libg.a(libc_a-fwalk.o)
                0x0800a16c                _fwalk_sglue
 .text.__sprint_r
                0x0800a1b8       0x24 C:/devkitPRO/devkitARM/bin/../lib/gcc/arm-none-eabi/15.1.0/../../../../arm-none-eabi/lib/thumb\libg.a(libc_a-sprint_r.o)
                0x0800a1b8                __sprint_r
 .text.__sflush_r
                0x0800a1dc      0x180 C:/devkitPRO/devkitARM/bin/../lib/gcc/arm-none-eabi/15.1.0/../../../../arm-none-eabi/lib/thumb\libg.a(libc_a-fflush.o)
                0x0800a1dc                __sflush_r
 .text._fflush_r
                0x0800a35c       0x70 C:/devkitPRO/devkitARM/bin/../lib/gcc/arm-none-eabi/15.1.0/../../../../arm-none-eabi/lib/thumb\libg.a(libc_a-fflush.o)
                0x0800a35c                _fflush_r
 .text.__swsetup_r
                0x0800a3cc       0xd4 C:/devkitPRO/devkitARM/bin/../lib/gcc/arm-none-eabi/15.1.0/../../../../arm-none-eabi/lib/thumb\libg.a(libc_a-wsetup.o)
                0x0800a3cc                __swsetup_r
 .text.__sfvwrite_r
                0x0800a4a0      0x31c C:/devkitPRO/devkitARM/bin/../lib/gcc/arm-none-eabi/15.1.0/../../../../arm-none-eabi/lib/thumb\libg.a(libc_a-fvwrite.o)
                0x0800a4a0                __sfvwrite_r
 .text.__sread  0x0800a7bc       0x34 C:/devkitPRO/devkitARM/bin/../lib/gcc/arm-none-eabi/15.1.0/../../../../arm-none-eabi/lib/thumb\libg.a(libc_a-stdio.o)
                0x0800a7bc                __sread
 .text.__swrite
                0x0800a7f0       0x4c C:/devkitPRO/devkitARM/bin/../lib/gcc/arm-none-eabi/15.1.0/../../../../arm-none-eabi/lib/thumb\libg.a(libc_a-stdio.o)
                0x0800a7f0                __swrite
 .text.__sseek  0x0800a83c       0x3c C:/devkitPRO/devkitARM/bin/../lib/gcc/arm-none-eabi/15.1.0/../../../../arm-none-eabi/lib/thumb\libg.a(libc_a-stdio.o)
                0x0800a83c                __sseek
 .text.__sclose
                0x0800a878       0x10 C:/devkitPRO/devkitARM/bin/../lib/gcc/arm-none-eabi/15.1.0/../../../../arm-none-eabi/lib/thumb\libg.a(libc_a-stdio.o)
                0x0800a878                __sclose
 .text._fclose_r
                0x0800a888       0xdc C:/devkitPRO/devkitARM/bin/../lib/gcc/arm-none-eabi/15.1.0/../../../../arm-none-eabi/lib/thumb\libg.a(libc_a-fclose.o)
                0x0800a888                _fclose_r
 .text.__smakebuf_r
                0x0800a964       0xe0 C:/devkitPRO/devkitARM/bin/../lib/gcc/arm-none-eabi/15.1.0/../../../../arm-none-eabi/lib/thumb\libg.a(libc_a-makebuf.o)
                0x0800a964                __smakebuf_r
 .text._memalign_r
                0x0800aa44      0x118 C:/devkitPRO/devkitARM/bin/../lib/gcc/arm-none-eabi/15.1.0/../../../../arm-none-eabi/lib/thumb\libg.a(libc_a-malignr.o)
                0x0800aa44                _memalign_r
 .text._exit    0x0800ab5c       0x14 C:/devkitPRO/devkitARM/bin/../lib/gcc/arm-none-eabi/15.1.0/../../../../arm-none-eabi/lib/thumb\libsysbase.a(libsysbase_libsysbase_a-_exit.o)
                0x0800ab5c                _exit
 .text._fstat_r
                0x0800ab70       0x5c C:/devkitPRO/devkitARM/bin/../lib/gcc/arm-none-eabi/15.1.0/../../../../arm-none-eabi/lib/thumb\libsysbase.a(libsysbase_libsysbase_a-fstat.o)
                0x0800ab70                _fstat_r
 .text._getpid_r
                0x0800abcc        0xc C:/devkitPRO/devkitARM/bin/../lib/gcc/arm-none-eabi/15.1.0/../../../../arm-none-eabi/lib/thumb\libsysbase.a(libsysbase_libsysbase_a-getpid.o)
                0x0800abcc                _getpid_r
 .text.__getreent
                0x0800abd8       0x20 C:/devkitPRO/devkitARM/bin/../lib/gcc/arm-none-eabi/15.1.0/../../../../arm-none-eabi/lib/thumb\libsysbase.a(libsysbase_libsysbase_a-getreent.o)
                0x0800abd8                __getreent
 .text.__get_handle
                0x0800abf8       0x34 C:/devkitPRO/devkitARM/bin/../lib/gcc/arm-none-eabi/15.1.0/../../../../arm-none-eabi/lib/thumb\libsysbase.a(libsysbase_libsysbase_a-handle_manager.o)
                0x0800abf8                __get_handle
 .text._close_r
                0x0800ac2c       0xb0 C:/devkitPRO/devkitARM/bin/../lib/gcc/arm-none-eabi/15.1.0/../../../../arm-none-eabi/lib/thumb\libsysbase.a(libsysbase_libsysbase_a-handle_manager.o)
                0x0800ac2c                _close_r
 .text.null_write
                0x0800acdc        0x4 C:/devkitPRO/devkitARM/bin/../lib/gcc/arm-none-eabi/15.1.0/../../../../arm-none-eabi/lib/thumb\libsysbase.a(libsysbase_libsysbase_a-iosupport.o)
 .text._isatty_r
                0x0800ace0        0x4 C:/devkitPRO/devkitARM/bin/../lib/gcc/arm-none-eabi/15.1.0/../../../../arm-none-eabi/lib/thumb\libsysbase.a(libsysbase_libsysbase_a-isatty.o)
                0x0800ace0                _isatty_r
 .text._kill_r  0x0800ace4        0xc C:/devkitPRO/devkitARM/bin/../lib/gcc/arm-none-eabi/15.1.0/../../../../arm-none-eabi/lib/thumb\libsysbase.a(libsysbase_libsysbase_a-kill.o)
                0x0800ace4                _kill_r
 .text._lseek_r
                0x0800acf0       0x64 C:/devkitPRO/devkitARM/bin/../lib/gcc/arm-none-eabi/15.1.0/../../../../arm-none-eabi/lib/thumb\libsysbase.a(libsysbase_libsysbase_a-lseek.o)
                0x0800acf0                _lseek_r
 .text._read_r  0x0800ad54       0x5c C:/devkitPRO/devkitARM/bin/../lib/gcc/arm-none-eabi/15.1.0/../../../../arm-none-eabi/lib/thumb\libsysbase.a(libsysbase_libsysbase_a-read.o)
                0x0800ad54                _read_r
 .text._sbrk_r  0x0800adb0       0x50 C:/devkitPRO/devkitARM/bin/../lib/gcc/arm-none-eabi/15.1.0/../../../../arm-none-eabi/lib/thumb\libsysbase.a(libsysbase_libsysbase_a-sbrk.o)
                0x0800adb0                _sbrk_r
 .text.__libc_lock_acquire
                0x0800ae00       0x18 C:/devkitPRO/devkitARM/bin/../lib/gcc/arm-none-eabi/15.1.0/../../../../arm-none-eabi/lib/thumb\libsysbase.a(libsysbase_libsysbase_a-syscall_support.o)
                0x0800ae00                __libc_lock_acquire
 .text.__libc_lock_release
                0x0800ae18       0x18 C:/devkitPRO/devkitARM/bin/../lib/gcc/arm-none-eabi/15.1.0/../../../../arm-none-eabi/lib/thumb\libsysbase.a(libsysbase_libsysbase_a-syscall_support.o)
                0x0800ae18                __libc_lock_release
 .text.__libc_lock_acquire_recursive
                0x0800ae30       0x18 C:/devkitPRO/devkitARM/bin/../lib/gcc/arm-none-eabi/15.1.0/../../../../arm-none-eabi/lib/thumb\libsysbase.a(libsysbase_libsysbase_a-syscall_support.o)
                0x0800ae30                __libc_lock_acquire_recursive
 .text.__libc_lock_release_recursive
                0x0800ae48       0x18 C:/devkitPRO/devkitARM/bin/../lib/gcc/arm-none-eabi/15.1.0/../../../../arm-none-eabi/lib/thumb\libsysbase.a(libsysbase_libsysbase_a-syscall_support.o)
                0x0800ae48                __libc_lock_release_recursive
 .text._write_r
                0x0800ae60       0x5c C:/devkitPRO/devkitARM/bin/../lib/gcc/arm-none-eabi/15.1.0/../../../../arm-none-eabi/lib/thumb\libsysbase.a(libsysbase_libsysbase_a-write.o)
                0x0800ae60                _write_r
 .text          0x0800aebc       0x14 C:/devkitPRO/devkitARM/bin/../lib/gcc/arm-none-eabi/15.1.0/thumb\libgcc.a(_thumb1_case_uqi.o)
                0x0800aebc                __gnu_thumb1_case_uqi
 .text          0x0800aed0       0x14 C:/devkitPRO/devkitARM/bin/../lib/gcc/arm-none-eabi/15.1.0/thumb\libgcc.a(_thumb1_case_uhi.o)
                0x0800aed0                __gnu_thumb1_case_uhi
 .text          0x0800aee4      0x11c C:/devkitPRO/devkitARM/bin/../lib/gcc/arm-none-eabi/15.1.0/thumb\libgcc.a(_udivsi3.o)
                0x0800aee4                __aeabi_uidiv
                0x0800aee4                __udivsi3
                0x0800afe0                __aeabi_uidivmod
 .text          0x0800b000      0x49c C:/devkitPRO/devkitARM/bin/../lib/gcc/arm-none-eabi/15.1.0/thumb\libgcc.a(_arm_muldivdf3.o)
                0x0800b000                __aeabi_dmul
                0x0800b000                __muldf3
                0x0800b290                __divdf3
                0x0800b290                __aeabi_ddiv
 .text          0x0800b49c      0x144 C:/devkitPRO/devkitARM/bin/../lib/gcc/arm-none-eabi/15.1.0/thumb\libgcc.a(_arm_cmpdf2.o)
                0x0800b49c                __gtdf2
                0x0800b49c                __gedf2
                0x0800b4a4                __ltdf2
                0x0800b4a4                __ledf2
                0x0800b4ac                __nedf2
                0x0800b4ac                __eqdf2
                0x0800b4ac                __cmpdf2
                0x0800b534                __aeabi_cdrcmple
                0x0800b550                __aeabi_cdcmpeq
                0x0800b550                __aeabi_cdcmple
                0x0800b568                __aeabi_dcmpeq
                0x0800b580                __aeabi_dcmplt
                0x0800b598                __aeabi_dcmple
                0x0800b5b0                __aeabi_dcmpge
                0x0800b5c8                __aeabi_dcmpgt
 .text          0x0800b5e0       0x38 C:/devkitPRO/devkitARM/bin/../lib/gcc/arm-none-eabi/15.1.0/thumb\libgcc.a(_arm_unorddf2.o)
                0x0800b5e0                __unorddf2
                0x0800b5e0                __aeabi_dcmpun
 .text          0x0800b618       0x5c C:/devkitPRO/devkitARM/bin/../lib/gcc/arm-none-eabi/15.1.0/thumb\libgcc.a(_arm_fixdfsi.o)
                0x0800b618                __aeabi_d2iz
                0x0800b618                __fixdfsi
 .text          0x0800b674       0x3c C:/devkitPRO/devkitARM/bin/../lib/gcc/arm-none-eabi/15.1.0/thumb\libgcc.a(_aeabi_uldivmod.o)
                0x0800b674                __aeabi_uldivmod
 .text.__muldi3
                0x0800b6b0       0x58 C:/devkitPRO/devkitARM/bin/../lib/gcc/arm-none-eabi/15.1.0/thumb\libgcc.a(_muldi3.o)
                0x0800b6b0                __muldi3
                0x0800b6b0                __aeabi_lmul
 .text.__udivmoddi4
                0x0800b708      0x194 C:/devkitPRO/devkitARM/bin/../lib/gcc/arm-none-eabi/15.1.0/thumb\libgcc.a(_udivmoddi4.o)
                0x0800b708                __udivmoddi4
 .text          0x0800b89c       0x28 C:/devkitPRO/devkitARM/bin/../lib/gcc/arm-none-eabi/15.1.0/thumb\libgcc.a(_clzdi2.o)
                0x0800b89c                __clzdi2
 .text          0x0800b8c4       0x48 C:/devkitPRO/devkitARM/bin/../lib/gcc/arm-none-eabi/15.1.0/thumb\libgcc.a(_clzsi2.o)
                0x0800b8c4                __clzsi2
 .text.free     0x0800b90c       0x14 C:/devkitPRO/devkitARM/bin/../lib/gcc/arm-none-eabi/15.1.0/../../../../arm-none-eabi/lib/thumb\libg.a(libc_a-malloc.o)
                0x0800b90c                free
 .text.free.__stub
                0x0800b920       0xf4 linker stubs
 *(.gnu.linkonce.t.*)
 *(.text.*personality*)
 *(.gnu.warning)
 *(.glue_7t)
 .glue_7t       0x0800ba20        0x0 linker stubs
 *(.glue_7)
 .glue_7        0x0800ba20        0x0 linker stubs
 *(.vfp11_veneer)
 .vfp11_veneer  0x0800ba20        0x0 linker stubs
                0x0800ba20                        . = ALIGN (0x4)
                0x0800ba20                        __text_end = .

.v4_bx          0x0800ba20        0x0
 .v4_bx         0x0800ba20        0x0 linker stubs

.iplt           0x0800ba20        0x0
 .iplt          0x0800ba20        0x0 C:/devkitPRO/devkitARM/bin/../lib/gcc/arm-none-eabi/15.1.0/../../../../arm-none-eabi/lib/thumb/gba_crt0.o

.fini           0x0800ba20        0xc
 *(.fini)
 .fini          0x0800ba20        0x4 C:/devkitPRO/devkitARM/bin/../lib/gcc/arm-none-eabi/15.1.0/thumb/crti.o
                0x0800ba20                _fini
 .fini          0x0800ba24        0x8 C:/devkitPRO/devkitARM/bin/../lib/gcc/arm-none-eabi/15.1.0/thumb/crtn.o
                0x0800ba2c                        . = ALIGN (0x4)

.rodata         0x0800ba30     0x8760
 *(.rodata)
 .rodata        0x0800ba30     0x7770 game_background.o
                0x0800ba30                game_backgroundPal
                0x0800bc30                game_backgroundMap
                0x0800c0e0                game_backgroundTiles
 .rodata        0x080131a0      0x240 game_ball.o
                0x080131a0                game_ballPal
                0x080133a0                game_ballTiles
 .rodata        0x080133e0      0x150 C:/devkitPRO/libtonc/lib\libtonc.a(tte_main.o)
 .rodata        0x08013530      0x318 C:/devkitPRO/libtonc/lib\libtonc.a(sys8.o)
                0x08013530                sys8Font
                0x08013548                sys8Glyphs
 .rodata        0x08013848      0x300 C:/devkitPRO/libtonc/lib\libtonc.a(toncfont.o)
                0x08013848                toncfontTiles
 .rodata        0x08013b48       0x1c C:/devkitPRO/libtonc/lib\libtonc.a(tonc_surface.o)
 *all.rodata*(*)
 *(.roda)
 *(.rodata.*)
 .rodata.str1.4
                0x08013b64      0x158 byte_flag.o
                                 0x1f (size before relaxing)
 .rodata._svfprintf_r.str1.1
                0x08013cbc       0x3b C:/devkitPRO/devkitARM/bin/../lib/gcc/arm-none-eabi/15.1.0/../../../../arm-none-eabi/lib/thumb\libg.a(libc_a-svfprintf.o)
 *fill*         0x08013cf7        0x1 ff
 .rodata.zeroes.0
                0x08013cf8       0x10 C:/devkitPRO/devkitARM/bin/../lib/gcc/arm-none-eabi/15.1.0/../../../../arm-none-eabi/lib/thumb\libg.a(libc_a-svfprintf.o)
 .rodata.blanks.1
                0x08013d08       0x10 C:/devkitPRO/devkitARM/bin/../lib/gcc/arm-none-eabi/15.1.0/../../../../arm-none-eabi/lib/thumb\libg.a(libc_a-svfprintf.o)
 .rodata._ctype_
                0x08013d18      0x101 C:/devkitPRO/devkitARM/bin/../lib/gcc/arm-none-eabi/15.1.0/../../../../arm-none-eabi/lib/thumb\libg.a(libc_a-ctype_.o)
                0x08013d18                _ctype_
 *fill*         0x08013e19        0x3 ff
 .rodata.__action_table
                0x08013e1c       0x6c C:/devkitPRO/devkitARM/bin/../lib/gcc/arm-none-eabi/15.1.0/../../../../arm-none-eabi/lib/thumb\libg.a(libc_a-svfiprintf.o)
                0x08013e1c                __action_table
 .rodata.__state_table
                0x08013e88       0x6c C:/devkitPRO/devkitARM/bin/../lib/gcc/arm-none-eabi/15.1.0/../../../../arm-none-eabi/lib/thumb\libg.a(libc_a-svfiprintf.o)
                0x08013e88                __state_table
 .rodata.__chclass
                0x08013ef4      0x100 C:/devkitPRO/devkitARM/bin/../lib/gcc/arm-none-eabi/15.1.0/../../../../arm-none-eabi/lib/thumb\libg.a(libc_a-svfiprintf.o)
                0x08013ef4                __chclass
 .rodata.str1.4
                0x08013ff4       0x4c C:/devkitPRO/devkitARM/bin/../lib/gcc/arm-none-eabi/15.1.0/../../../../arm-none-eabi/lib/thumb\libg.a(libc_a-locale.o)
 .rodata._dtoa_r.str1.4
                0x08013ff4       0x67 C:/devkitPRO/devkitARM/bin/../lib/gcc/arm-none-eabi/15.1.0/../../../../arm-none-eabi/lib/thumb\libg.a(libc_a-dtoa.o)
 .rodata.__assert_func.str1.4
                0x08013ff4       0x43 C:/devkitPRO/devkitARM/bin/../lib/gcc/arm-none-eabi/15.1.0/../../../../arm-none-eabi/lib/thumb\libg.a(libc_a-assert.o)
 .rodata.__multadd.str1.4
                0x08013ff4       0x54 C:/devkitPRO/devkitARM/bin/../lib/gcc/arm-none-eabi/15.1.0/../../../../arm-none-eabi/lib/thumb\libg.a(libc_a-mprec.o)
 .rodata.p05.0  0x08013ff4        0xc C:/devkitPRO/devkitARM/bin/../lib/gcc/arm-none-eabi/15.1.0/../../../../arm-none-eabi/lib/thumb\libg.a(libc_a-mprec.o)
 .rodata.__mprec_bigtens
                0x08014000       0x28 C:/devkitPRO/devkitARM/bin/../lib/gcc/arm-none-eabi/15.1.0/../../../../arm-none-eabi/lib/thumb\libg.a(libc_a-mprec.o)
                0x08014000                __mprec_bigtens
 .rodata.__mprec_tens
                0x08014028       0xc8 C:/devkitPRO/devkitARM/bin/../lib/gcc/arm-none-eabi/15.1.0/../../../../arm-none-eabi/lib/thumb\libg.a(libc_a-mprec.o)
                0x08014028                __mprec_tens
 .rodata._vfiprintf_r.str1.1
                0x080140f0       0x29 C:/devkitPRO/devkitARM/bin/../lib/gcc/arm-none-eabi/15.1.0/../../../../arm-none-eabi/lib/thumb\libg.a(libc_a-vfiprintf.o)
 .rodata.zeroes.0
                0x080140f0       0x10 C:/devkitPRO/devkitARM/bin/../lib/gcc/arm-none-eabi/15.1.0/../../../../arm-none-eabi/lib/thumb\libg.a(libc_a-vfiprintf.o)
 .rodata.blanks.1
                0x08014100       0x10 C:/devkitPRO/devkitARM/bin/../lib/gcc/arm-none-eabi/15.1.0/../../../../arm-none-eabi/lib/thumb\libg.a(libc_a-vfiprintf.o)
 .rodata.AddDevice.str1.4
                0x08014110        0x8 C:/devkitPRO/devkitARM/bin/../lib/gcc/arm-none-eabi/15.1.0/../../../../arm-none-eabi/lib/thumb\libsysbase.a(libsysbase_libsysbase_a-iosupport.o)
 .rodata.dotab_stdnull
                0x08014110       0x80 C:/devkitPRO/devkitARM/bin/../lib/gcc/arm-none-eabi/15.1.0/../../../../arm-none-eabi/lib/thumb\libsysbase.a(libsysbase_libsysbase_a-iosupport.o)
                0x08014110                dotab_stdnull
 *(.gnu.linkonce.r*)
                0x08014190                        . = ALIGN (0x4)

.ARM.extab
 *(.ARM.extab* .gnu.linkonce.armextab.*)
                0x08014190                        __exidx_start = .

.ARM.exidx
 *(.ARM.exidx* .gnu.linkonce.armexidx.*)
                0x08014190                        __exidx_end = .

.ctors          0x08014190        0x0
 *crtbegin.o(.ctors)
 *(EXCLUDE_FILE(*crtend.o) .ctors)
 *(SORT_BY_NAME(.ctors.*))
 *(.ctors)
                0x08014190                        . = ALIGN (0x4)

.dtors          0x08014190        0x0
 *crtbegin.o(.dtors)
 *(EXCLUDE_FILE(*crtend.o) .dtors)
 *(SORT_BY_NAME(.dtors.*))
 *(.dtors)
                0x08014190                        . = ALIGN (0x4)

.eh_frame       0x08014190        0x4
 *(.eh_frame)
 .eh_frame      0x08014190        0x0 C:/devkitPRO/devkitARM/bin/../lib/gcc/arm-none-eabi/15.1.0/thumb/crtbegin.o
 .eh_frame      0x08014190        0x4 C:/devkitPRO/devkitARM/bin/../lib/gcc/arm-none-eabi/15.1.0/thumb/crtend.o
                0x08014194                        . = ALIGN (0x4)

.gcc_except_table
                0x08014194        0x0
 *(.gcc_except_table)
                0x08014194                        . = ALIGN (0x4)
                0x08014194                        __iwram_lma = .

.iwram          0x03000000       0x84 load address 0x08014194
                0x03000000                        __iwram_start__ = ABSOLUTE (.)
 *(.iwram .iwram*)
 .iwram         0x03000000       0x38 C:/devkitPRO/libtonc/lib\libtonc.a(tonc_memcpy.o)
                0x03000000                memcpy32
 .iwram         0x03000038       0x4c C:/devkitPRO/libtonc/lib\libtonc.a(tonc_memset.o)
                0x03000038                memset32
 *iwram.*(.text* .data*)
                0x03000084                        . = ALIGN (0x4)
                0x03000084                        __iwram_end__ = ABSOLUTE (.)
                0x08014218                        __data_lma = (__iwram_lma + SIZEOF (.iwram))

.bss            0x03000084      0x640
                0x03000084                        __bss_start = ABSOLUTE (.)
                0x03000084                        __bss_start__ = ABSOLUTE (.)
 *(.dynbss)
 *(.gnu.linkonce.b*)
 *(.bss*)
 .bss.completed.1
                0x03000084        0x1 C:/devkitPRO/devkitARM/bin/../lib/gcc/arm-none-eabi/15.1.0/thumb/crtbegin.o
 *fill*         0x03000085        0x3 
 .bss.object.0  0x03000088       0x18 C:/devkitPRO/devkitARM/bin/../lib/gcc/arm-none-eabi/15.1.0/thumb/crtbegin.o
 .bss           0x030000a0        0x8 ball.o
                0x030000a0                ball
                0x030000a4                ball_velocity
 .bss           0x030000a8        0x1 byte_flag.o
                0x030000a8                game_byte
 *fill*         0x030000a9        0x3 
 .bss           0x030000ac      0x400 main.o
                0x030000ac                obj_buffer
 .bss           0x030004ac        0x4 C:/devkitPRO/libtonc/lib\libtonc.a(tonc_input.o)
                0x030004ac                __key_curr
                0x030004ae                __key_prev
 .bss           0x030004b0       0x48 C:/devkitPRO/libtonc/lib\libtonc.a(tte_main.o)
                0x030004b0                __tte_main_context
 .bss.__malloc_current_mallinfo
                0x030004f8       0x28 C:/devkitPRO/devkitARM/bin/../lib/gcc/arm-none-eabi/15.1.0/../../../../arm-none-eabi/lib/thumb\libg.a(libc_a-mallocr.o)
                0x030004f8                __malloc_current_mallinfo
 .bss.__malloc_max_total_mem
                0x03000520        0x4 C:/devkitPRO/devkitARM/bin/../lib/gcc/arm-none-eabi/15.1.0/../../../../arm-none-eabi/lib/thumb\libg.a(libc_a-mallocr.o)
                0x03000520                __malloc_max_total_mem
 .bss.__malloc_max_sbrked_mem
                0x03000524        0x4 C:/devkitPRO/devkitARM/bin/../lib/gcc/arm-none-eabi/15.1.0/../../../../arm-none-eabi/lib/thumb\libg.a(libc_a-mallocr.o)
                0x03000524                __malloc_max_sbrked_mem
 .bss.__malloc_top_pad
                0x03000528        0x4 C:/devkitPRO/devkitARM/bin/../lib/gcc/arm-none-eabi/15.1.0/../../../../arm-none-eabi/lib/thumb\libg.a(libc_a-mallocr.o)
                0x03000528                __malloc_top_pad
 .bss.__malloc_recursive_mutex
                0x0300052c        0xc C:/devkitPRO/devkitARM/bin/../lib/gcc/arm-none-eabi/15.1.0/../../../../arm-none-eabi/lib/thumb\libg.a(libc_a-mlock.o)
 .bss.__sfp_recursive_mutex
                0x03000538        0xc C:/devkitPRO/devkitARM/bin/../lib/gcc/arm-none-eabi/15.1.0/../../../../arm-none-eabi/lib/thumb\libg.a(libc_a-findfp.o)
 *fill*         0x03000544        0x4 
 .bss.__sf      0x03000548      0x168 C:/devkitPRO/devkitARM/bin/../lib/gcc/arm-none-eabi/15.1.0/../../../../arm-none-eabi/lib/thumb\libg.a(libc_a-findfp.o)
                0x03000548                __sf
 .bss.__stdio_exit_handler
                0x030006b0        0x4 C:/devkitPRO/devkitARM/bin/../lib/gcc/arm-none-eabi/15.1.0/../../../../arm-none-eabi/lib/thumb\libg.a(libc_a-findfp.o)
                0x030006b0                __stdio_exit_handler
 .bss.__hndl_lock
                0x030006b4        0x4 C:/devkitPRO/devkitARM/bin/../lib/gcc/arm-none-eabi/15.1.0/../../../../arm-none-eabi/lib/thumb\libsysbase.a(libsysbase_libsysbase_a-handle_manager.o)
 .bss.fake_heap_start
                0x030006b8        0x4 C:/devkitPRO/devkitARM/bin/../lib/gcc/arm-none-eabi/15.1.0/../../../../arm-none-eabi/lib/thumb\libsysbase.a(libsysbase_libsysbase_a-malloc_vars.o)
                0x030006b8                fake_heap_start
 .bss.fake_heap_end
                0x030006bc        0x4 C:/devkitPRO/devkitARM/bin/../lib/gcc/arm-none-eabi/15.1.0/../../../../arm-none-eabi/lib/thumb\libsysbase.a(libsysbase_libsysbase_a-malloc_vars.o)
                0x030006bc                fake_heap_end
 .bss.heap_start.0
                0x030006c0        0x4 C:/devkitPRO/devkitARM/bin/../lib/gcc/arm-none-eabi/15.1.0/../../../../arm-none-eabi/lib/thumb\libsysbase.a(libsysbase_libsysbase_a-sbrk.o)
 *(COMMON)
                0x030006c4                        . = ALIGN (0x4)
                0x030006c4                        __bss_end__ = ABSOLUTE (.)

.data           0x030006c4     0x179c load address 0x08014218
                0x030006c4                        __data_start__ = ABSOLUTE (.)
 *(.data*)
 .data          0x030006c4        0x4 ball.o
                0x030006c4                ball_Y
 .data          0x030006c8       0x10 byte_flag.o
                0x030006c8                logic_gates
 .data          0x030006d8        0x8 C:/devkitPRO/libtonc/lib\libtonc.a(tonc_input.o)
                0x030006d8                __key_rpt
 .data          0x030006e0        0x4 C:/devkitPRO/libtonc/lib\libtonc.a(tte_main.o)
                0x030006e0                gp_tte_context
 .data.__global_locale
                0x030006e4      0x16c C:/devkitPRO/devkitARM/bin/../lib/gcc/arm-none-eabi/15.1.0/../../../../arm-none-eabi/lib/thumb\libg.a(libc_a-locale.o)
                0x030006e4                __global_locale
 .data.__malloc_sbrk_base
                0x03000850        0x4 C:/devkitPRO/devkitARM/bin/../lib/gcc/arm-none-eabi/15.1.0/../../../../arm-none-eabi/lib/thumb\libg.a(libc_a-mallocr.o)
                0x03000850                __malloc_sbrk_base
 .data.__malloc_trim_threshold
                0x03000854        0x4 C:/devkitPRO/devkitARM/bin/../lib/gcc/arm-none-eabi/15.1.0/../../../../arm-none-eabi/lib/thumb\libg.a(libc_a-mallocr.o)
                0x03000854                __malloc_trim_threshold
 .data.__malloc_av_
                0x03000858      0x408 C:/devkitPRO/devkitARM/bin/../lib/gcc/arm-none-eabi/15.1.0/../../../../arm-none-eabi/lib/thumb\libg.a(libc_a-mallocr.o)
                0x03000858                __malloc_av_
 .data.__sglue  0x03000c60        0xc C:/devkitPRO/devkitARM/bin/../lib/gcc/arm-none-eabi/15.1.0/../../../../arm-none-eabi/lib/thumb\libg.a(libc_a-findfp.o)
                0x03000c60                __sglue
 .data._impure_ptr
                0x03000c6c        0x4 C:/devkitPRO/devkitARM/bin/../lib/gcc/arm-none-eabi/15.1.0/../../../../arm-none-eabi/lib/thumb\libg.a(libc_a-impure.o)
                0x03000c6c                _impure_ptr
 .data._impure_data
                0x03000c70      0x140 C:/devkitPRO/devkitARM/bin/../lib/gcc/arm-none-eabi/15.1.0/../../../../arm-none-eabi/lib/thumb\libg.a(libc_a-impure.o)
                0x03000c70                _impure_data
 .data.handles  0x03000db0     0x1000 C:/devkitPRO/devkitARM/bin/../lib/gcc/arm-none-eabi/15.1.0/../../../../arm-none-eabi/lib/thumb\libsysbase.a(libsysbase_libsysbase_a-handle_manager.o)
 .data.__stderr_handle
                0x03001db0        0xc C:/devkitPRO/devkitARM/bin/../lib/gcc/arm-none-eabi/15.1.0/../../../../arm-none-eabi/lib/thumb\libsysbase.a(libsysbase_libsysbase_a-handle_manager.o)
 .data.__stdout_handle
                0x03001dbc        0xc C:/devkitPRO/devkitARM/bin/../lib/gcc/arm-none-eabi/15.1.0/../../../../arm-none-eabi/lib/thumb\libsysbase.a(libsysbase_libsysbase_a-handle_manager.o)
 .data.__stdin_handle
                0x03001dc8        0xc C:/devkitPRO/devkitARM/bin/../lib/gcc/arm-none-eabi/15.1.0/../../../../arm-none-eabi/lib/thumb\libsysbase.a(libsysbase_libsysbase_a-handle_manager.o)
 .data.devoptab_list
                0x03001dd4       0x8c C:/devkitPRO/devkitARM/bin/../lib/gcc/arm-none-eabi/15.1.0/../../../../arm-none-eabi/lib/thumb\libsysbase.a(libsysbase_libsysbase_a-iosupport.o)
                0x03001dd4                devoptab_list
 *(.gnu.linkonce.d*)
                0x03001e60                        . = ALIGN (0x4)
                0x080159b4                        __preinit_lma = (__data_lma + SIZEOF (.data))

.igot.plt       0x03001e60        0x0 load address 0x080159b4
 .igot.plt      0x03001e60        0x0 C:/devkitPRO/devkitARM/bin/../lib/gcc/arm-none-eabi/15.1.0/../../../../arm-none-eabi/lib/thumb/gba_crt0.o

.preinit_array  0x03001e60        0x0 load address 0x080159b4
                0x03001e60                        __preinit_array_start = ABSOLUTE (.)
 *(.preinit_array)
                0x03001e60                        __preinit_array_end = ABSOLUTE (.)
                0x080159b4                        __init_lma = (__preinit_lma + SIZEOF (.preinit_array))

.init_array     0x03001e60        0x4 load address 0x080159b4
                0x03001e60                        __init_array_start = ABSOLUTE (.)
 *(SORT_BY_NAME(.init_array.*))
 *(.init_array)
 .init_array    0x03001e60        0x4 C:/devkitPRO/devkitARM/bin/../lib/gcc/arm-none-eabi/15.1.0/thumb/crtbegin.o
                0x03001e64                        __init_array_end = ABSOLUTE (.)
                0x080159b8                        __fini_lma = (__init_lma + SIZEOF (.init_array))

.fini_array     0x03001e64        0x4 load address 0x080159b8
                0x03001e64                        __fini_array_start = ABSOLUTE (.)
 *(SORT_BY_NAME(.fini_array.*))
 *(.fini_array)
 .fini_array    0x03001e64        0x4 C:/devkitPRO/devkitARM/bin/../lib/gcc/arm-none-eabi/15.1.0/thumb/crtbegin.o
                0x03001e68                        __fini_array_end = ABSOLUTE (.)
                0x080159bc                        __jcr_lma = (__fini_lma + SIZEOF (.fini_array))

.jcr
 *(.jcr)
                0x03001e68                        __data_end__ = ABSOLUTE (.)
                0x080159bc                        __iwram_overlay_lma = (__jcr_lma + SIZEOF (.jcr))
                0x03001e68                        __iwram_overlay_start = .

.iwram0         0x03001e68        0x0 load address 0x080159bc
 *(.iwram0)
                0x03001e68                        . = ALIGN (0x4)
                0x080159bc                        PROVIDE (__load_start_iwram0 = LOADADDR (.iwram0))
                0x080159bc                        PROVIDE (__load_stop_iwram0 = (LOADADDR (.iwram0) + SIZEOF (.iwram0)))

.iwram1         0x03001e68        0x0
 *(.iwram1)
                0x03001e68                        . = ALIGN (0x4)
                [!provide]                        PROVIDE (__load_start_iwram1 = LOADADDR (.iwram1))
                [!provide]                        PROVIDE (__load_stop_iwram1 = (LOADADDR (.iwram1) + SIZEOF (.iwram1)))

.iwram2         0x03001e68        0x0
 *(.iwram2)
                0x03001e68                        . = ALIGN (0x4)
                [!provide]                        PROVIDE (__load_start_iwram2 = LOADADDR (.iwram2))
                [!provide]                        PROVIDE (__load_stop_iwram2 = (LOADADDR (.iwram2) + SIZEOF (.iwram2)))

.iwram3         0x03001e68        0x0
 *(.iwram3)
                0x03001e68                        . = ALIGN (0x4)
                [!provide]                        PROVIDE (__load_start_iwram3 = LOADADDR (.iwram3))
                [!provide]                        PROVIDE (__load_stop_iwram3 = (LOADADDR (.iwram3) + SIZEOF (.iwram3)))

.iwram4         0x03001e68        0x0
 *(.iwram4)
                0x03001e68                        . = ALIGN (0x4)
                [!provide]                        PROVIDE (__load_start_iwram4 = LOADADDR (.iwram4))
                [!provide]                        PROVIDE (__load_stop_iwram4 = (LOADADDR (.iwram4) + SIZEOF (.iwram4)))

.iwram5         0x03001e68        0x0
 *(.iwram5)
                0x03001e68                        . = ALIGN (0x4)
                [!provide]                        PROVIDE (__load_start_iwram5 = LOADADDR (.iwram5))
                [!provide]                        PROVIDE (__load_stop_iwram5 = (LOADADDR (.iwram5) + SIZEOF (.iwram5)))

.iwram6         0x03001e68        0x0
 *(.iwram6)
                0x03001e68                        . = ALIGN (0x4)
                [!provide]                        PROVIDE (__load_start_iwram6 = LOADADDR (.iwram6))
                [!provide]                        PROVIDE (__load_stop_iwram6 = (LOADADDR (.iwram6) + SIZEOF (.iwram6)))

.iwram7         0x03001e68        0x0
 *(.iwram7)
                0x03001e68                        . = ALIGN (0x4)
                [!provide]                        PROVIDE (__load_start_iwram7 = LOADADDR (.iwram7))
                [!provide]                        PROVIDE (__load_stop_iwram7 = (LOADADDR (.iwram7) + SIZEOF (.iwram7)))

.iwram8         0x03001e68        0x0
 *(.iwram8)
                0x03001e68                        . = ALIGN (0x4)
                [!provide]                        PROVIDE (__load_start_iwram8 = LOADADDR (.iwram8))
                [!provide]                        PROVIDE (__load_stop_iwram8 = (LOADADDR (.iwram8) + SIZEOF (.iwram8)))

.iwram9         0x03001e68        0x0
 *(.iwram9)
                0x03001e68                        . = ALIGN (0x4)
                [!provide]                        PROVIDE (__load_start_iwram9 = LOADADDR (.iwram9))
                [!provide]                        PROVIDE (__load_stop_iwram9 = (LOADADDR (.iwram9) + SIZEOF (.iwram9)))
                0x03001e68                        __iwram_overlay_end = .
                0x080159bc                        __ewram_lma = (__iwram_overlay_lma + (__iwram_overlay_end - __iwram_overlay_start))
                0x03001e68                        __iheap_start = .
                0x02000000                        __ewram_start = ORIGIN (ewram)

.ewram          0x02000000        0x0 load address 0x080159bc
 *(.ewram*)
                0x02000000                        . = ALIGN (0x4)
                0x02000000                        __ewram_end = ABSOLUTE (.)
                0x080159bc                        __pad_lma = (__ewram_lma + SIZEOF (.ewram))

.sbss           0x02000000        0x0
                0x02000000                        __sbss_start__ = ABSOLUTE (.)
 *(.sbss*)
                0x02000000                        . = ALIGN (0x4)
                0x02000000                        __sbss_end__ = ABSOLUTE (.)
                0x02000000                        __end__ = ABSOLUTE (.)
                0x02000000                        __eheap_start = ABSOLUTE (.)

.pad            0x02000000        0x8 load address 0x080159bc
                0x02000000        0x4 LONG 0x52416b64
                0x02000004        0x4 LONG 0x4d
                0x02000008                        . = ALIGN (0x4)
                0x080159c4                        __rom_end__ = (__pad_lma + SIZEOF (.pad))

.rel.dyn        0x02000008        0x0 load address 0x080159c4
 .rel.iplt      0x02000008        0x0 C:/devkitPRO/devkitARM/bin/../lib/gcc/arm-none-eabi/15.1.0/../../../../arm-none-eabi/lib/thumb/gba_crt0.o

.stab
 *(.stab)

.stabstr
 *(.stabstr)

.stab.excl
 *(.stab.excl)

.stab.exclstr
 *(.stab.exclstr)

.stab.index
 *(.stab.index)

.stab.indexstr
 *(.stab.indexstr)

.comment        0x00000000       0x23
 *(.comment)
 .comment       0x00000000       0x23 C:/devkitPRO/devkitARM/bin/../lib/gcc/arm-none-eabi/15.1.0/thumb/crtbegin.o
                                 0x24 (size before relaxing)
 .comment       0x00000023       0x24 ball.o
 .comment       0x00000023       0x24 byte_flag.o
 .comment       0x00000023       0x24 main.o
 .comment       0x00000023       0x24 game_background.o
 .comment       0x00000023       0x24 game_ball.o
 .comment       0x00000023       0x24 C:/devkitPRO/libtonc/lib\libtonc.a(tonc_input.o)
 .comment       0x00000023       0x24 C:/devkitPRO/libtonc/lib\libtonc.a(tonc_oam.o)
 .comment       0x00000023       0x24 C:/devkitPRO/libtonc/lib\libtonc.a(tte_init_se.o)
 .comment       0x00000023       0x24 C:/devkitPRO/libtonc/lib\libtonc.a(tte_main.o)
 .comment       0x00000023       0x24 C:/devkitPRO/libtonc/lib\libtonc.a(tonc_surface.o)
 .comment       0x00000023       0x24 C:/devkitPRO/libtonc/lib\libtonc.a(se_drawg.o)
 .comment       0x00000023       0x24 C:/devkitPRO/libtonc/lib\libtonc.a(tonc_sbmp16.o)
 .comment       0x00000023       0x24 C:/devkitPRO/devkitARM/bin/../lib/gcc/arm-none-eabi/15.1.0/../../../../arm-none-eabi/lib/thumb\libg.a(libc_a-rand.o)
 .comment       0x00000023       0x24 C:/devkitPRO/devkitARM/bin/../lib/gcc/arm-none-eabi/15.1.0/../../../../arm-none-eabi/lib/thumb\libg.a(libc_a-sprintf.o)
 .comment       0x00000023       0x24 C:/devkitPRO/devkitARM/bin/../lib/gcc/arm-none-eabi/15.1.0/../../../../arm-none-eabi/lib/thumb\libg.a(libc_a-init.o)
 .comment       0x00000023       0x24 C:/devkitPRO/devkitARM/bin/../lib/gcc/arm-none-eabi/15.1.0/../../../../arm-none-eabi/lib/thumb\libg.a(libc_a-svfprintf.o)
 .comment       0x00000023       0x24 C:/devkitPRO/devkitARM/bin/../lib/gcc/arm-none-eabi/15.1.0/../../../../arm-none-eabi/lib/thumb\libg.a(libc_a-strtol.o)
 .comment       0x00000023       0x24 C:/devkitPRO/devkitARM/bin/../lib/gcc/arm-none-eabi/15.1.0/../../../../arm-none-eabi/lib/thumb\libg.a(libc_a-ctype_.o)
 .comment       0x00000023       0x24 C:/devkitPRO/devkitARM/bin/../lib/gcc/arm-none-eabi/15.1.0/../../../../arm-none-eabi/lib/thumb\libg.a(libc_a-memset.o)
 .comment       0x00000023       0x24 C:/devkitPRO/devkitARM/bin/../lib/gcc/arm-none-eabi/15.1.0/../../../../arm-none-eabi/lib/thumb\libg.a(libc_a-strncpy.o)
 .comment       0x00000023       0x24 C:/devkitPRO/devkitARM/bin/../lib/gcc/arm-none-eabi/15.1.0/../../../../arm-none-eabi/lib/thumb\libg.a(libc_a-memcpy-stub.o)
 .comment       0x00000023       0x24 C:/devkitPRO/devkitARM/bin/../lib/gcc/arm-none-eabi/15.1.0/../../../../arm-none-eabi/lib/thumb\libg.a(libc_a-wcsrtombs.o)
 .comment       0x00000023       0x24 C:/devkitPRO/devkitARM/bin/../lib/gcc/arm-none-eabi/15.1.0/../../../../arm-none-eabi/lib/thumb\libg.a(libc_a-svfiprintf.o)
 .comment       0x00000023       0x24 C:/devkitPRO/devkitARM/bin/../lib/gcc/arm-none-eabi/15.1.0/../../../../arm-none-eabi/lib/thumb\libg.a(libm_a-s_frexp.o)
 .comment       0x00000023       0x24 C:/devkitPRO/devkitARM/bin/../lib/gcc/arm-none-eabi/15.1.0/../../../../arm-none-eabi/lib/thumb\libg.a(libc_a-locale.o)
 .comment       0x00000023       0x24 C:/devkitPRO/devkitARM/bin/../lib/gcc/arm-none-eabi/15.1.0/../../../../arm-none-eabi/lib/thumb\libg.a(libc_a-ssprint_r.o)
 .comment       0x00000023       0x24 C:/devkitPRO/devkitARM/bin/../lib/gcc/arm-none-eabi/15.1.0/../../../../arm-none-eabi/lib/thumb\libg.a(libc_a-strlen.o)
 .comment       0x00000023       0x24 C:/devkitPRO/devkitARM/bin/../lib/gcc/arm-none-eabi/15.1.0/../../../../arm-none-eabi/lib/thumb\libg.a(libc_a-wcsnrtombs.o)
 .comment       0x00000023       0x24 C:/devkitPRO/devkitARM/bin/../lib/gcc/arm-none-eabi/15.1.0/../../../../arm-none-eabi/lib/thumb\libg.a(libc_a-mbtowc_r.o)
 .comment       0x00000023       0x24 C:/devkitPRO/devkitARM/bin/../lib/gcc/arm-none-eabi/15.1.0/../../../../arm-none-eabi/lib/thumb\libg.a(libc_a-errno.o)
 .comment       0x00000023       0x24 C:/devkitPRO/devkitARM/bin/../lib/gcc/arm-none-eabi/15.1.0/../../../../arm-none-eabi/lib/thumb\libg.a(libc_a-localeconv.o)
 .comment       0x00000023       0x24 C:/devkitPRO/devkitARM/bin/../lib/gcc/arm-none-eabi/15.1.0/../../../../arm-none-eabi/lib/thumb\libg.a(libc_a-mallocr.o)
 .comment       0x00000023       0x24 C:/devkitPRO/devkitARM/bin/../lib/gcc/arm-none-eabi/15.1.0/../../../../arm-none-eabi/lib/thumb\libg.a(libc_a-memchr-stub.o)
 .comment       0x00000023       0x24 C:/devkitPRO/devkitARM/bin/../lib/gcc/arm-none-eabi/15.1.0/../../../../arm-none-eabi/lib/thumb\libg.a(libc_a-dtoa.o)
 .comment       0x00000023       0x24 C:/devkitPRO/devkitARM/bin/../lib/gcc/arm-none-eabi/15.1.0/../../../../arm-none-eabi/lib/thumb\libg.a(libc_a-wcrtomb.o)
 .comment       0x00000023       0x24 C:/devkitPRO/devkitARM/bin/../lib/gcc/arm-none-eabi/15.1.0/../../../../arm-none-eabi/lib/thumb\libg.a(libc_a-freer.o)
 .comment       0x00000023       0x24 C:/devkitPRO/devkitARM/bin/../lib/gcc/arm-none-eabi/15.1.0/../../../../arm-none-eabi/lib/thumb\libg.a(libc_a-ssputs_r.o)
 .comment       0x00000023       0x24 C:/devkitPRO/devkitARM/bin/../lib/gcc/arm-none-eabi/15.1.0/../../../../arm-none-eabi/lib/thumb\libg.a(libc_a-mlock.o)
 .comment       0x00000023       0x24 C:/devkitPRO/devkitARM/bin/../lib/gcc/arm-none-eabi/15.1.0/../../../../arm-none-eabi/lib/thumb\libg.a(libc_a-wctomb_r.o)
 .comment       0x00000023       0x24 C:/devkitPRO/devkitARM/bin/../lib/gcc/arm-none-eabi/15.1.0/../../../../arm-none-eabi/lib/thumb\libg.a(libc_a-memmove.o)
 .comment       0x00000023       0x24 C:/devkitPRO/devkitARM/bin/../lib/gcc/arm-none-eabi/15.1.0/../../../../arm-none-eabi/lib/thumb\libg.a(libc_a-assert.o)
 .comment       0x00000023       0x24 C:/devkitPRO/devkitARM/bin/../lib/gcc/arm-none-eabi/15.1.0/../../../../arm-none-eabi/lib/thumb\libg.a(libc_a-mprec.o)
 .comment       0x00000023       0x24 C:/devkitPRO/devkitARM/bin/../lib/gcc/arm-none-eabi/15.1.0/../../../../arm-none-eabi/lib/thumb\libg.a(libc_a-fiprintf.o)
 .comment       0x00000023       0x24 C:/devkitPRO/devkitARM/bin/../lib/gcc/arm-none-eabi/15.1.0/../../../../arm-none-eabi/lib/thumb\libg.a(libc_a-abort.o)
 .comment       0x00000023       0x24 C:/devkitPRO/devkitARM/bin/../lib/gcc/arm-none-eabi/15.1.0/../../../../arm-none-eabi/lib/thumb\libg.a(libc_a-callocr.o)
 .comment       0x00000023       0x24 C:/devkitPRO/devkitARM/bin/../lib/gcc/arm-none-eabi/15.1.0/../../../../arm-none-eabi/lib/thumb\libg.a(libc_a-reallocr.o)
 .comment       0x00000023       0x24 C:/devkitPRO/devkitARM/bin/../lib/gcc/arm-none-eabi/15.1.0/../../../../arm-none-eabi/lib/thumb\libg.a(libc_a-signal.o)
 .comment       0x00000023       0x24 C:/devkitPRO/devkitARM/bin/../lib/gcc/arm-none-eabi/15.1.0/../../../../arm-none-eabi/lib/thumb\libg.a(libc_a-vfiprintf.o)
 .comment       0x00000023       0x24 C:/devkitPRO/devkitARM/bin/../lib/gcc/arm-none-eabi/15.1.0/../../../../arm-none-eabi/lib/thumb\libg.a(libc_a-findfp.o)
 .comment       0x00000023       0x24 C:/devkitPRO/devkitARM/bin/../lib/gcc/arm-none-eabi/15.1.0/../../../../arm-none-eabi/lib/thumb\libg.a(libc_a-fwalk.o)
 .comment       0x00000023       0x24 C:/devkitPRO/devkitARM/bin/../lib/gcc/arm-none-eabi/15.1.0/../../../../arm-none-eabi/lib/thumb\libg.a(libc_a-sprint_r.o)
 .comment       0x00000023       0x24 C:/devkitPRO/devkitARM/bin/../lib/gcc/arm-none-eabi/15.1.0/../../../../arm-none-eabi/lib/thumb\libg.a(libc_a-fflush.o)
 .comment       0x00000023       0x24 C:/devkitPRO/devkitARM/bin/../lib/gcc/arm-none-eabi/15.1.0/../../../../arm-none-eabi/lib/thumb\libg.a(libc_a-impure.o)
 .comment       0x00000023       0x24 C:/devkitPRO/devkitARM/bin/../lib/gcc/arm-none-eabi/15.1.0/../../../../arm-none-eabi/lib/thumb\libg.a(libc_a-wsetup.o)
 .comment       0x00000023       0x24 C:/devkitPRO/devkitARM/bin/../lib/gcc/arm-none-eabi/15.1.0/../../../../arm-none-eabi/lib/thumb\libg.a(libc_a-fvwrite.o)
 .comment       0x00000023       0x24 C:/devkitPRO/devkitARM/bin/../lib/gcc/arm-none-eabi/15.1.0/../../../../arm-none-eabi/lib/thumb\libg.a(libc_a-stdio.o)
 .comment       0x00000023       0x24 C:/devkitPRO/devkitARM/bin/../lib/gcc/arm-none-eabi/15.1.0/../../../../arm-none-eabi/lib/thumb\libg.a(libc_a-fclose.o)
 .comment       0x00000023       0x24 C:/devkitPRO/devkitARM/bin/../lib/gcc/arm-none-eabi/15.1.0/../../../../arm-none-eabi/lib/thumb\libg.a(libc_a-makebuf.o)
 .comment       0x00000023       0x24 C:/devkitPRO/devkitARM/bin/../lib/gcc/arm-none-eabi/15.1.0/../../../../arm-none-eabi/lib/thumb\libg.a(libc_a-malignr.o)
 .comment       0x00000023       0x24 C:/devkitPRO/devkitARM/bin/../lib/gcc/arm-none-eabi/15.1.0/../../../../arm-none-eabi/lib/thumb\libsysbase.a(libsysbase_libsysbase_a-_exit.o)
 .comment       0x00000023       0x24 C:/devkitPRO/devkitARM/bin/../lib/gcc/arm-none-eabi/15.1.0/../../../../arm-none-eabi/lib/thumb\libsysbase.a(libsysbase_libsysbase_a-fstat.o)
 .comment       0x00000023       0x24 C:/devkitPRO/devkitARM/bin/../lib/gcc/arm-none-eabi/15.1.0/../../../../arm-none-eabi/lib/thumb\libsysbase.a(libsysbase_libsysbase_a-getpid.o)
 .comment       0x00000023       0x24 C:/devkitPRO/devkitARM/bin/../lib/gcc/arm-none-eabi/15.1.0/../../../../arm-none-eabi/lib/thumb\libsysbase.a(libsysbase_libsysbase_a-getreent.o)
 .comment       0x00000023       0x24 C:/devkitPRO/devkitARM/bin/../lib/gcc/arm-none-eabi/15.1.0/../../../../arm-none-eabi/lib/thumb\libsysbase.a(libsysbase_libsysbase_a-handle_manager.o)
 .comment       0x00000023       0x24 C:/devkitPRO/devkitARM/bin/../lib/gcc/arm-none-eabi/15.1.0/../../../../arm-none-eabi/lib/thumb\libsysbase.a(libsysbase_libsysbase_a-iosupport.o)
 .comment       0x00000023       0x24 C:/devkitPRO/devkitARM/bin/../lib/gcc/arm-none-eabi/15.1.0/../../../../arm-none-eabi/lib/thumb\libsysbase.a(libsysbase_libsysbase_a-isatty.o)
 .comment       0x00000023       0x24 C:/devkitPRO/devkitARM/bin/../lib/gcc/arm-none-eabi/15.1.0/../../../../arm-none-eabi/lib/thumb\libsysbase.a(libsysbase_libsysbase_a-kill.o)
 .comment       0x00000023       0x24 C:/devkitPRO/devkitARM/bin/../lib/gcc/arm-none-eabi/15.1.0/../../../../arm-none-eabi/lib/thumb\libsysbase.a(libsysbase_libsysbase_a-lseek.o)
 .comment       0x00000023       0x24 C:/devkitPRO/devkitARM/bin/../lib/gcc/arm-none-eabi/15.1.0/../../../../arm-none-eabi/lib/thumb\libsysbase.a(libsysbase_libsysbase_a-malloc_vars.o)
 .comment       0x00000023       0x24 C:/devkitPRO/devkitARM/bin/../lib/gcc/arm-none-eabi/15.1.0/../../../../arm-none-eabi/lib/thumb\libsysbase.a(libsysbase_libsysbase_a-read.o)
 .comment       0x00000023       0x24 C:/devkitPRO/devkitARM/bin/../lib/gcc/arm-none-eabi/15.1.0/../../../../arm-none-eabi/lib/thumb\libsysbase.a(libsysbase_libsysbase_a-sbrk.o)
 .comment       0x00000023       0x24 C:/devkitPRO/devkitARM/bin/../lib/gcc/arm-none-eabi/15.1.0/../../../../arm-none-eabi/lib/thumb\libsysbase.a(libsysbase_libsysbase_a-syscall_support.o)
 .comment       0x00000023       0x24 C:/devkitPRO/devkitARM/bin/../lib/gcc/arm-none-eabi/15.1.0/../../../../arm-none-eabi/lib/thumb\libsysbase.a(libsysbase_libsysbase_a-write.o)
 .comment       0x00000023       0x24 C:/devkitPRO/devkitARM/bin/../lib/gcc/arm-none-eabi/15.1.0/thumb\libgcc.a(_muldi3.o)
 .comment       0x00000023       0x24 C:/devkitPRO/devkitARM/bin/../lib/gcc/arm-none-eabi/15.1.0/thumb\libgcc.a(_udivmoddi4.o)
 .comment       0x00000023       0x24 C:/devkitPRO/devkitARM/bin/../lib/gcc/arm-none-eabi/15.1.0/../../../../arm-none-eabi/lib/thumb\libg.a(libc_a-malloc.o)
 .comment       0x00000023       0x24 C:/devkitPRO/devkitARM/bin/../lib/gcc/arm-none-eabi/15.1.0/thumb/crtend.o

.debug
 *(.debug)

.line
 *(.line)

.debug_srcinfo
 *(.debug_srcinfo)

.debug_sfnames
 *(.debug_sfnames)

.debug_aranges  0x00000000       0x90
 *(.debug_aranges)
 .debug_aranges
                0x00000000       0x20 ball.o
 .debug_aranges
                0x00000020       0x20 byte_flag.o
 .debug_aranges
                0x00000040       0x20 main.o
 .debug_aranges
                0x00000060       0x18 game_background.o
 .debug_aranges
                0x00000078       0x18 game_ball.o

.debug_pubnames
 *(.debug_pubnames)

.debug_info     0x00000000     0x11f9
 *(.debug_info)
 .debug_info    0x00000000      0x443 ball.o
 .debug_info    0x00000443      0x450 byte_flag.o
 .debug_info    0x00000893      0x830 main.o
 .debug_info    0x000010c3       0xb0 game_background.o
 .debug_info    0x00001173       0x86 game_ball.o

.debug_abbrev   0x00000000      0x81a
 *(.debug_abbrev)
 .debug_abbrev  0x00000000      0x1f8 ball.o
 .debug_abbrev  0x000001f8      0x23b byte_flag.o
 .debug_abbrev  0x00000433      0x321 main.o
 .debug_abbrev  0x00000754       0x73 game_background.o
 .debug_abbrev  0x000007c7       0x53 game_ball.o

.debug_line     0x00000000      0xa2c
 *(.debug_line)
 .debug_line    0x00000000      0x25f ball.o
 .debug_line    0x0000025f      0x336 byte_flag.o
 .debug_line    0x00000595      0x3b5 main.o
 .debug_line    0x0000094a       0x74 game_background.o
 .debug_line    0x000009be       0x6e game_ball.o

.debug_frame    0x00000000      0x10c
 *(.debug_frame)
 .debug_frame   0x00000000       0x4c ball.o
 .debug_frame   0x0000004c       0x84 byte_flag.o
 .debug_frame   0x000000d0       0x3c main.o

.debug_str      0x00000000      0x67b
 *(.debug_str)
 .debug_str     0x00000000      0x67b ball.o
                                0x37e (size before relaxing)
 .debug_str     0x0000067b      0x2c7 byte_flag.o
 .debug_str     0x0000067b      0x476 main.o
 .debug_str     0x0000067b      0x14b game_background.o
 .debug_str     0x0000067b      0x126 game_ball.o

.debug_loc
 *(.debug_loc)

.debug_macinfo
 *(.debug_macinfo)

.debug_weaknames
 *(.debug_weaknames)

.debug_funcnames
 *(.debug_funcnames)

.debug_typenames
 *(.debug_typenames)

.debug_varnames
 *(.debug_varnames)

.stack          0x00080000        0x0
                0x00080000                        _stack = .
 *(.stack)

.note.gnu.arm.ident
 *(.note.gnu.arm.ident)

.ARM.attributes
                0x00000000       0x2c
 *(.ARM.attributes)
 .ARM.attributes
                0x00000000       0x20 C:/devkitPRO/devkitARM/bin/../lib/gcc/arm-none-eabi/15.1.0/../../../../arm-none-eabi/lib/thumb/gba_crt0.o
 .ARM.attributes
                0x00000020       0x1c C:/devkitPRO/devkitARM/bin/../lib/gcc/arm-none-eabi/15.1.0/thumb/crti.o
 .ARM.attributes
                0x0000003c       0x2a C:/devkitPRO/devkitARM/bin/../lib/gcc/arm-none-eabi/15.1.0/thumb/crtbegin.o
 .ARM.attributes
                0x00000066       0x2a ball.o
 .ARM.attributes
                0x00000090       0x2a byte_flag.o
 .ARM.attributes
                0x000000ba       0x2a main.o
 .ARM.attributes
                0x000000e4       0x2a game_background.o
 .ARM.attributes
                0x0000010e       0x2a game_ball.o
 .ARM.attributes
                0x00000138       0x2a C:/devkitPRO/libtonc/lib\libtonc.a(tonc_input.o)
 .ARM.attributes
                0x00000162       0x2a C:/devkitPRO/libtonc/lib\libtonc.a(tonc_oam.o)
 .ARM.attributes
                0x0000018c       0x2a C:/devkitPRO/libtonc/lib\libtonc.a(tte_init_se.o)
 .ARM.attributes
                0x000001b6       0x2a C:/devkitPRO/libtonc/lib\libtonc.a(tte_main.o)
 .ARM.attributes
                0x000001e0       0x1a C:/devkitPRO/libtonc/lib\libtonc.a(tonc_bios_ex.o)
 .ARM.attributes
                0x000001fa       0x1a C:/devkitPRO/libtonc/lib\libtonc.a(tonc_bios.o)
 .ARM.attributes
                0x00000214       0x1a C:/devkitPRO/libtonc/lib\libtonc.a(tonc_memcpy.o)
 .ARM.attributes
                0x0000022e       0x1a C:/devkitPRO/libtonc/lib\libtonc.a(sys8.o)
 .ARM.attributes
                0x00000248       0x1a C:/devkitPRO/libtonc/lib\libtonc.a(toncfont.o)
 .ARM.attributes
                0x00000262       0x2a C:/devkitPRO/libtonc/lib\libtonc.a(tonc_surface.o)
 .ARM.attributes
                0x0000028c       0x2a C:/devkitPRO/libtonc/lib\libtonc.a(se_drawg.o)
 .ARM.attributes
                0x000002b6       0x2a C:/devkitPRO/libtonc/lib\libtonc.a(tonc_sbmp16.o)
 .ARM.attributes
                0x000002e0       0x1a C:/devkitPRO/libtonc/lib\libtonc.a(tonc_memset.o)
 .ARM.attributes
                0x000002fa       0x1c C:/devkitPRO/devkitARM/bin/../lib/gcc/arm-none-eabi/15.1.0/thumb\libgcc.a(_divsi3.o)
 .ARM.attributes
                0x00000316       0x1c C:/devkitPRO/devkitARM/bin/../lib/gcc/arm-none-eabi/15.1.0/thumb\libgcc.a(_dvmd_tls.o)
 .ARM.attributes
                0x00000332       0x1c C:/devkitPRO/devkitARM/bin/../lib/gcc/arm-none-eabi/15.1.0/thumb\libgcc.a(_arm_addsubdf3.o)
 .ARM.attributes
                0x0000034e       0x1c C:/devkitPRO/devkitARM/bin/../lib/gcc/arm-none-eabi/15.1.0/thumb\libgcc.a(_arm_truncdfsf2.o)
 .ARM.attributes
                0x0000036a       0x1c C:/devkitPRO/devkitARM/bin/../lib/gcc/arm-none-eabi/15.1.0/thumb\libgcc.a(_arm_addsubsf3.o)
 .ARM.attributes
                0x00000386       0x1c C:/devkitPRO/devkitARM/bin/../lib/gcc/arm-none-eabi/15.1.0/thumb\libgcc.a(_arm_cmpsf2.o)
 .ARM.attributes
                0x000003a2       0x1c C:/devkitPRO/devkitARM/bin/../lib/gcc/arm-none-eabi/15.1.0/thumb\libgcc.a(_arm_fixsfsi.o)
 .ARM.attributes
                0x000003be       0x1c C:/devkitPRO/devkitARM/bin/../lib/gcc/arm-none-eabi/15.1.0/thumb\libgcc.a(_sync_none.o)
 .ARM.attributes
                0x000003da       0x2a C:/devkitPRO/devkitARM/bin/../lib/gcc/arm-none-eabi/15.1.0/../../../../arm-none-eabi/lib/thumb\libg.a(libc_a-rand.o)
 .ARM.attributes
                0x00000404       0x2a C:/devkitPRO/devkitARM/bin/../lib/gcc/arm-none-eabi/15.1.0/../../../../arm-none-eabi/lib/thumb\libg.a(libc_a-sprintf.o)
 .ARM.attributes
                0x0000042e       0x2a C:/devkitPRO/devkitARM/bin/../lib/gcc/arm-none-eabi/15.1.0/../../../../arm-none-eabi/lib/thumb\libg.a(libc_a-init.o)
 .ARM.attributes
                0x00000458       0x2a C:/devkitPRO/devkitARM/bin/../lib/gcc/arm-none-eabi/15.1.0/../../../../arm-none-eabi/lib/thumb\libg.a(libc_a-svfprintf.o)
 .ARM.attributes
                0x00000482       0x2a C:/devkitPRO/devkitARM/bin/../lib/gcc/arm-none-eabi/15.1.0/../../../../arm-none-eabi/lib/thumb\libg.a(libc_a-strtol.o)
 .ARM.attributes
                0x000004ac       0x2a C:/devkitPRO/devkitARM/bin/../lib/gcc/arm-none-eabi/15.1.0/../../../../arm-none-eabi/lib/thumb\libg.a(libc_a-ctype_.o)
 .ARM.attributes
                0x000004d6       0x2a C:/devkitPRO/devkitARM/bin/../lib/gcc/arm-none-eabi/15.1.0/../../../../arm-none-eabi/lib/thumb\libg.a(libc_a-memset.o)
 .ARM.attributes
                0x00000500       0x1a C:/devkitPRO/devkitARM/bin/../lib/gcc/arm-none-eabi/15.1.0/../../../../arm-none-eabi/lib/thumb\libg.a(libc_a-strcmp.o)
 .ARM.attributes
                0x0000051a       0x2a C:/devkitPRO/devkitARM/bin/../lib/gcc/arm-none-eabi/15.1.0/../../../../arm-none-eabi/lib/thumb\libg.a(libc_a-strncpy.o)
 .ARM.attributes
                0x00000544       0x2a C:/devkitPRO/devkitARM/bin/../lib/gcc/arm-none-eabi/15.1.0/../../../../arm-none-eabi/lib/thumb\libg.a(libc_a-memcpy-stub.o)
 .ARM.attributes
                0x0000056e       0x2a C:/devkitPRO/devkitARM/bin/../lib/gcc/arm-none-eabi/15.1.0/../../../../arm-none-eabi/lib/thumb\libg.a(libc_a-wcsrtombs.o)
 .ARM.attributes
                0x00000598       0x2a C:/devkitPRO/devkitARM/bin/../lib/gcc/arm-none-eabi/15.1.0/../../../../arm-none-eabi/lib/thumb\libg.a(libc_a-svfiprintf.o)
 .ARM.attributes
                0x000005c2       0x2a C:/devkitPRO/devkitARM/bin/../lib/gcc/arm-none-eabi/15.1.0/../../../../arm-none-eabi/lib/thumb\libg.a(libm_a-s_frexp.o)
 .ARM.attributes
                0x000005ec       0x2a C:/devkitPRO/devkitARM/bin/../lib/gcc/arm-none-eabi/15.1.0/../../../../arm-none-eabi/lib/thumb\libg.a(libc_a-locale.o)
 .ARM.attributes
                0x00000616       0x2a C:/devkitPRO/devkitARM/bin/../lib/gcc/arm-none-eabi/15.1.0/../../../../arm-none-eabi/lib/thumb\libg.a(libc_a-ssprint_r.o)
 .ARM.attributes
                0x00000640       0x2a C:/devkitPRO/devkitARM/bin/../lib/gcc/arm-none-eabi/15.1.0/../../../../arm-none-eabi/lib/thumb\libg.a(libc_a-strlen.o)
 .ARM.attributes
                0x0000066a       0x2a C:/devkitPRO/devkitARM/bin/../lib/gcc/arm-none-eabi/15.1.0/../../../../arm-none-eabi/lib/thumb\libg.a(libc_a-strcat.o)
 .ARM.attributes
                0x00000694       0x2a C:/devkitPRO/devkitARM/bin/../lib/gcc/arm-none-eabi/15.1.0/../../../../arm-none-eabi/lib/thumb\libg.a(libc_a-wcsnrtombs.o)
 .ARM.attributes
                0x000006be       0x2a C:/devkitPRO/devkitARM/bin/../lib/gcc/arm-none-eabi/15.1.0/../../../../arm-none-eabi/lib/thumb\libg.a(libc_a-mbtowc_r.o)
 .ARM.attributes
                0x000006e8       0x2a C:/devkitPRO/devkitARM/bin/../lib/gcc/arm-none-eabi/15.1.0/../../../../arm-none-eabi/lib/thumb\libg.a(libc_a-errno.o)
 .ARM.attributes
                0x00000712       0x2a C:/devkitPRO/devkitARM/bin/../lib/gcc/arm-none-eabi/15.1.0/../../../../arm-none-eabi/lib/thumb\libg.a(libc_a-localeconv.o)
 .ARM.attributes
                0x0000073c       0x2a C:/devkitPRO/devkitARM/bin/../lib/gcc/arm-none-eabi/15.1.0/../../../../arm-none-eabi/lib/thumb\libg.a(libc_a-strlcpy.o)
 .ARM.attributes
                0x00000766       0x2a C:/devkitPRO/devkitARM/bin/../lib/gcc/arm-none-eabi/15.1.0/../../../../arm-none-eabi/lib/thumb\libg.a(libc_a-mallocr.o)
 .ARM.attributes
                0x00000790       0x2a C:/devkitPRO/devkitARM/bin/../lib/gcc/arm-none-eabi/15.1.0/../../../../arm-none-eabi/lib/thumb\libg.a(libc_a-memchr-stub.o)
 .ARM.attributes
                0x000007ba       0x2a C:/devkitPRO/devkitARM/bin/../lib/gcc/arm-none-eabi/15.1.0/../../../../arm-none-eabi/lib/thumb\libg.a(libc_a-strcasecmp.o)
 .ARM.attributes
                0x000007e4       0x2a C:/devkitPRO/devkitARM/bin/../lib/gcc/arm-none-eabi/15.1.0/../../../../arm-none-eabi/lib/thumb\libg.a(libc_a-dtoa.o)
 .ARM.attributes
                0x0000080e       0x2a C:/devkitPRO/devkitARM/bin/../lib/gcc/arm-none-eabi/15.1.0/../../../../arm-none-eabi/lib/thumb\libg.a(libc_a-wcrtomb.o)
 .ARM.attributes
                0x00000838       0x2a C:/devkitPRO/devkitARM/bin/../lib/gcc/arm-none-eabi/15.1.0/../../../../arm-none-eabi/lib/thumb\libg.a(libc_a-strcpy.o)
 .ARM.attributes
                0x00000862       0x2a C:/devkitPRO/devkitARM/bin/../lib/gcc/arm-none-eabi/15.1.0/../../../../arm-none-eabi/lib/thumb\libg.a(libc_a-freer.o)
 .ARM.attributes
                0x0000088c       0x2a C:/devkitPRO/devkitARM/bin/../lib/gcc/arm-none-eabi/15.1.0/../../../../arm-none-eabi/lib/thumb\libg.a(libc_a-getenv_r.o)
 .ARM.attributes
                0x000008b6       0x2a C:/devkitPRO/devkitARM/bin/../lib/gcc/arm-none-eabi/15.1.0/../../../../arm-none-eabi/lib/thumb\libg.a(libc_a-ssputs_r.o)
 .ARM.attributes
                0x000008e0       0x2a C:/devkitPRO/devkitARM/bin/../lib/gcc/arm-none-eabi/15.1.0/../../../../arm-none-eabi/lib/thumb\libg.a(libc_a-strncasecmp.o)
 .ARM.attributes
                0x0000090a       0x2a C:/devkitPRO/devkitARM/bin/../lib/gcc/arm-none-eabi/15.1.0/../../../../arm-none-eabi/lib/thumb\libg.a(libc_a-mlock.o)
 .ARM.attributes
                0x00000934       0x2a C:/devkitPRO/devkitARM/bin/../lib/gcc/arm-none-eabi/15.1.0/../../../../arm-none-eabi/lib/thumb\libg.a(libc_a-wctomb_r.o)
 .ARM.attributes
                0x0000095e       0x2a C:/devkitPRO/devkitARM/bin/../lib/gcc/arm-none-eabi/15.1.0/../../../../arm-none-eabi/lib/thumb\libg.a(libc_a-strncmp.o)
 .ARM.attributes
                0x00000988       0x2a C:/devkitPRO/devkitARM/bin/../lib/gcc/arm-none-eabi/15.1.0/../../../../arm-none-eabi/lib/thumb\libg.a(libc_a-strchr.o)
 .ARM.attributes
                0x000009b2       0x2a C:/devkitPRO/devkitARM/bin/../lib/gcc/arm-none-eabi/15.1.0/../../../../arm-none-eabi/lib/thumb\libg.a(libc_a-memmove.o)
 .ARM.attributes
                0x000009dc       0x2a C:/devkitPRO/devkitARM/bin/../lib/gcc/arm-none-eabi/15.1.0/../../../../arm-none-eabi/lib/thumb\libg.a(libc_a-envlock.o)
 .ARM.attributes
                0x00000a06       0x2a C:/devkitPRO/devkitARM/bin/../lib/gcc/arm-none-eabi/15.1.0/../../../../arm-none-eabi/lib/thumb\libg.a(libc_a-assert.o)
 .ARM.attributes
                0x00000a30       0x2a C:/devkitPRO/devkitARM/bin/../lib/gcc/arm-none-eabi/15.1.0/../../../../arm-none-eabi/lib/thumb\libg.a(libc_a-mprec.o)
 .ARM.attributes
                0x00000a5a       0x2a C:/devkitPRO/devkitARM/bin/../lib/gcc/arm-none-eabi/15.1.0/../../../../arm-none-eabi/lib/thumb\libg.a(libc_a-fiprintf.o)
 .ARM.attributes
                0x00000a84       0x2a C:/devkitPRO/devkitARM/bin/../lib/gcc/arm-none-eabi/15.1.0/../../../../arm-none-eabi/lib/thumb\libg.a(libc_a-environ.o)
 .ARM.attributes
                0x00000aae       0x2a C:/devkitPRO/devkitARM/bin/../lib/gcc/arm-none-eabi/15.1.0/../../../../arm-none-eabi/lib/thumb\libg.a(libc_a-abort.o)
 .ARM.attributes
                0x00000ad8       0x2a C:/devkitPRO/devkitARM/bin/../lib/gcc/arm-none-eabi/15.1.0/../../../../arm-none-eabi/lib/thumb\libg.a(libc_a-callocr.o)
 .ARM.attributes
                0x00000b02       0x2a C:/devkitPRO/devkitARM/bin/../lib/gcc/arm-none-eabi/15.1.0/../../../../arm-none-eabi/lib/thumb\libg.a(libc_a-reallocr.o)
 .ARM.attributes
                0x00000b2c       0x2a C:/devkitPRO/devkitARM/bin/../lib/gcc/arm-none-eabi/15.1.0/../../../../arm-none-eabi/lib/thumb\libg.a(libc_a-signal.o)
 .ARM.attributes
                0x00000b56       0x2a C:/devkitPRO/devkitARM/bin/../lib/gcc/arm-none-eabi/15.1.0/../../../../arm-none-eabi/lib/thumb\libg.a(libc_a-vfiprintf.o)
 .ARM.attributes
                0x00000b80       0x2a C:/devkitPRO/devkitARM/bin/../lib/gcc/arm-none-eabi/15.1.0/../../../../arm-none-eabi/lib/thumb\libg.a(libc_a-findfp.o)
 .ARM.attributes
                0x00000baa       0x2a C:/devkitPRO/devkitARM/bin/../lib/gcc/arm-none-eabi/15.1.0/../../../../arm-none-eabi/lib/thumb\libg.a(libc_a-fwalk.o)
 .ARM.attributes
                0x00000bd4       0x2a C:/devkitPRO/devkitARM/bin/../lib/gcc/arm-none-eabi/15.1.0/../../../../arm-none-eabi/lib/thumb\libg.a(libc_a-sprint_r.o)
 .ARM.attributes
                0x00000bfe       0x2a C:/devkitPRO/devkitARM/bin/../lib/gcc/arm-none-eabi/15.1.0/../../../../arm-none-eabi/lib/thumb\libg.a(libc_a-fflush.o)
 .ARM.attributes
                0x00000c28       0x2a C:/devkitPRO/devkitARM/bin/../lib/gcc/arm-none-eabi/15.1.0/../../../../arm-none-eabi/lib/thumb\libg.a(libc_a-impure.o)
 .ARM.attributes
                0x00000c52       0x2a C:/devkitPRO/devkitARM/bin/../lib/gcc/arm-none-eabi/15.1.0/../../../../arm-none-eabi/lib/thumb\libg.a(libc_a-wsetup.o)
 .ARM.attributes
                0x00000c7c       0x2a C:/devkitPRO/devkitARM/bin/../lib/gcc/arm-none-eabi/15.1.0/../../../../arm-none-eabi/lib/thumb\libg.a(libc_a-fvwrite.o)
 .ARM.attributes
                0x00000ca6       0x2a C:/devkitPRO/devkitARM/bin/../lib/gcc/arm-none-eabi/15.1.0/../../../../arm-none-eabi/lib/thumb\libg.a(libc_a-stdio.o)
 .ARM.attributes
                0x00000cd0       0x2a C:/devkitPRO/devkitARM/bin/../lib/gcc/arm-none-eabi/15.1.0/../../../../arm-none-eabi/lib/thumb\libg.a(libc_a-fclose.o)
 .ARM.attributes
                0x00000cfa       0x2a C:/devkitPRO/devkitARM/bin/../lib/gcc/arm-none-eabi/15.1.0/../../../../arm-none-eabi/lib/thumb\libg.a(libc_a-makebuf.o)
 .ARM.attributes
                0x00000d24       0x2a C:/devkitPRO/devkitARM/bin/../lib/gcc/arm-none-eabi/15.1.0/../../../../arm-none-eabi/lib/thumb\libg.a(libc_a-malignr.o)
 .ARM.attributes
                0x00000d4e       0x2a C:/devkitPRO/devkitARM/bin/../lib/gcc/arm-none-eabi/15.1.0/../../../../arm-none-eabi/lib/thumb\libsysbase.a(libsysbase_libsysbase_a-_exit.o)
 .ARM.attributes
                0x00000d78       0x2a C:/devkitPRO/devkitARM/bin/../lib/gcc/arm-none-eabi/15.1.0/../../../../arm-none-eabi/lib/thumb\libsysbase.a(libsysbase_libsysbase_a-fstat.o)
 .ARM.attributes
                0x00000da2       0x2a C:/devkitPRO/devkitARM/bin/../lib/gcc/arm-none-eabi/15.1.0/../../../../arm-none-eabi/lib/thumb\libsysbase.a(libsysbase_libsysbase_a-getpid.o)
 .ARM.attributes
                0x00000dcc       0x2a C:/devkitPRO/devkitARM/bin/../lib/gcc/arm-none-eabi/15.1.0/../../../../arm-none-eabi/lib/thumb\libsysbase.a(libsysbase_libsysbase_a-getreent.o)
 .ARM.attributes
                0x00000df6       0x2a C:/devkitPRO/devkitARM/bin/../lib/gcc/arm-none-eabi/15.1.0/../../../../arm-none-eabi/lib/thumb\libsysbase.a(libsysbase_libsysbase_a-handle_manager.o)
 .ARM.attributes
                0x00000e20       0x2a C:/devkitPRO/devkitARM/bin/../lib/gcc/arm-none-eabi/15.1.0/../../../../arm-none-eabi/lib/thumb\libsysbase.a(libsysbase_libsysbase_a-iosupport.o)
 .ARM.attributes
                0x00000e4a       0x2a C:/devkitPRO/devkitARM/bin/../lib/gcc/arm-none-eabi/15.1.0/../../../../arm-none-eabi/lib/thumb\libsysbase.a(libsysbase_libsysbase_a-isatty.o)
 .ARM.attributes
                0x00000e74       0x2a C:/devkitPRO/devkitARM/bin/../lib/gcc/arm-none-eabi/15.1.0/../../../../arm-none-eabi/lib/thumb\libsysbase.a(libsysbase_libsysbase_a-kill.o)
 .ARM.attributes
                0x00000e9e       0x2a C:/devkitPRO/devkitARM/bin/../lib/gcc/arm-none-eabi/15.1.0/../../../../arm-none-eabi/lib/thumb\libsysbase.a(libsysbase_libsysbase_a-lseek.o)
 .ARM.attributes
                0x00000ec8       0x2a C:/devkitPRO/devkitARM/bin/../lib/gcc/arm-none-eabi/15.1.0/../../../../arm-none-eabi/lib/thumb\libsysbase.a(libsysbase_libsysbase_a-malloc_vars.o)
 .ARM.attributes
                0x00000ef2       0x2a C:/devkitPRO/devkitARM/bin/../lib/gcc/arm-none-eabi/15.1.0/../../../../arm-none-eabi/lib/thumb\libsysbase.a(libsysbase_libsysbase_a-read.o)
 .ARM.attributes
                0x00000f1c       0x2a C:/devkitPRO/devkitARM/bin/../lib/gcc/arm-none-eabi/15.1.0/../../../../arm-none-eabi/lib/thumb\libsysbase.a(libsysbase_libsysbase_a-sbrk.o)
 .ARM.attributes
                0x00000f46       0x2a C:/devkitPRO/devkitARM/bin/../lib/gcc/arm-none-eabi/15.1.0/../../../../arm-none-eabi/lib/thumb\libsysbase.a(libsysbase_libsysbase_a-syscall_support.o)
 .ARM.attributes
                0x00000f70       0x2a C:/devkitPRO/devkitARM/bin/../lib/gcc/arm-none-eabi/15.1.0/../../../../arm-none-eabi/lib/thumb\libsysbase.a(libsysbase_libsysbase_a-write.o)
 .ARM.attributes
                0x00000f9a       0x2a C:/devkitPRO/devkitARM/bin/../lib/gcc/arm-none-eabi/15.1.0/../../../../arm-none-eabi/lib/thumb\libsysbase.a(libsysbase_libsysbase_a-clocks.o)
 .ARM.attributes
                0x00000fc4       0x1c C:/devkitPRO/devkitARM/bin/../lib/gcc/arm-none-eabi/15.1.0/thumb\libgcc.a(_thumb1_case_uqi.o)
 .ARM.attributes
                0x00000fe0       0x1c C:/devkitPRO/devkitARM/bin/../lib/gcc/arm-none-eabi/15.1.0/thumb\libgcc.a(_thumb1_case_uhi.o)
 .ARM.attributes
                0x00000ffc       0x1c C:/devkitPRO/devkitARM/bin/../lib/gcc/arm-none-eabi/15.1.0/thumb\libgcc.a(_arm_muldf3.o)
 .ARM.attributes
                0x00001018       0x1c C:/devkitPRO/devkitARM/bin/../lib/gcc/arm-none-eabi/15.1.0/thumb\libgcc.a(_udivsi3.o)
 .ARM.attributes
                0x00001034       0x1c C:/devkitPRO/devkitARM/bin/../lib/gcc/arm-none-eabi/15.1.0/thumb\libgcc.a(_arm_muldivdf3.o)
 .ARM.attributes
                0x00001050       0x1c C:/devkitPRO/devkitARM/bin/../lib/gcc/arm-none-eabi/15.1.0/thumb\libgcc.a(_arm_cmpdf2.o)
 .ARM.attributes
                0x0000106c       0x1c C:/devkitPRO/devkitARM/bin/../lib/gcc/arm-none-eabi/15.1.0/thumb\libgcc.a(_arm_unorddf2.o)
 .ARM.attributes
                0x00001088       0x1c C:/devkitPRO/devkitARM/bin/../lib/gcc/arm-none-eabi/15.1.0/thumb\libgcc.a(_arm_fixdfsi.o)
 .ARM.attributes
                0x000010a4       0x1c C:/devkitPRO/devkitARM/bin/../lib/gcc/arm-none-eabi/15.1.0/thumb\libgcc.a(_aeabi_uldivmod.o)
 .ARM.attributes
                0x000010c0       0x2a C:/devkitPRO/devkitARM/bin/../lib/gcc/arm-none-eabi/15.1.0/thumb\libgcc.a(_muldi3.o)
 .ARM.attributes
                0x000010ea       0x2a C:/devkitPRO/devkitARM/bin/../lib/gcc/arm-none-eabi/15.1.0/thumb\libgcc.a(_udivmoddi4.o)
 .ARM.attributes
                0x00001114       0x1c C:/devkitPRO/devkitARM/bin/../lib/gcc/arm-none-eabi/15.1.0/thumb\libgcc.a(_clzdi2.o)
 .ARM.attributes
                0x00001130       0x1c C:/devkitPRO/devkitARM/bin/../lib/gcc/arm-none-eabi/15.1.0/thumb\libgcc.a(_clzsi2.o)
 .ARM.attributes
                0x0000114c       0x2a C:/devkitPRO/devkitARM/bin/../lib/gcc/arm-none-eabi/15.1.0/../../../../arm-none-eabi/lib/thumb\libg.a(libc_a-malloc.o)
 .ARM.attributes
                0x00001176       0x2a C:/devkitPRO/devkitARM/bin/../lib/gcc/arm-none-eabi/15.1.0/thumb/crtend.o
 .ARM.attributes
                0x000011a0       0x1c C:/devkitPRO/devkitARM/bin/../lib/gcc/arm-none-eabi/15.1.0/thumb/crtn.o

/DISCARD/
 *(.note.GNU-stack)
LOAD C:/devkitPRO/devkitARM/bin/../lib/gcc/arm-none-eabi/15.1.0/../../../../arm-none-eabi/lib/thumb/gba_crt0.o
LOAD C:/devkitPRO/devkitARM/bin/../lib/gcc/arm-none-eabi/15.1.0/thumb/crti.o
LOAD C:/devkitPRO/devkitARM/bin/../lib/gcc/arm-none-eabi/15.1.0/thumb/crtbegin.o
LOAD ball.o
LOAD byte_flag.o
LOAD main.o
LOAD game_background.o
LOAD game_ball.o
LOAD C:/devkitPRO/libgba/lib\libmm.a
LOAD C:/devkitPRO/libtonc/lib\libtonc.a
START GROUP
LOAD C:/devkitPRO/devkitARM/bin/../lib/gcc/arm-none-eabi/15.1.0/thumb\libgcc.a
LOAD C:/devkitPRO/devkitARM/bin/../lib/gcc/arm-none-eabi/15.1.0/../../../../arm-none-eabi/lib/thumb\libg.a
LOAD C:/devkitPRO/devkitARM/bin/../lib/gcc/arm-none-eabi/15.1.0/../../../../arm-none-eabi/lib/thumb\libc.a
LOAD C:/devkitPRO/devkitARM/bin/../lib/gcc/arm-none-eabi/15.1.0/../../../../arm-none-eabi/lib/thumb\libsysbase.a
END GROUP
LOAD C:/devkitPRO/devkitARM/bin/../lib/gcc/arm-none-eabi/15.1.0/thumb/crtend.o
LOAD C:/devkitPRO/devkitARM/bin/../lib/gcc/arm-none-eabi/15.1.0/thumb/crtn.o
OUTPUT(C:/CODING_FILE/Vscode/3rdYear-1stSem/cmsc_sp/flappy-byte/flappy-byte.elf elf32-littlearm)
LOAD linker stubs

.debug_loclists
                0x00000000      0x289
 .debug_loclists
                0x00000000       0x67 ball.o
 .debug_loclists
                0x00000067      0x120 byte_flag.o
 .debug_loclists