Archive member included to satisfy reference by file (symbol)

C:/devkitPRO/libtonc/lib\libtonc.a(tonc_input.o)
                              main.o (key_poll)
C:/devkitPRO/libtonc/lib\libtonc.a(tonc_oam.o)
                              main.o (oam_init)
C:/devkitPRO/libtonc/lib\libtonc.a(tonc_bios.o)
                              C:/devkitPRO/libtonc/lib\libtonc.a(tonc_input.o) (VBlankIntrWait)
C:/devkitPRO/libtonc/lib\libtonc.a(tonc_memcpy.o)
                              main.o (memcpy32)
C:/devkitPRO/devkitARM/bin/../lib/gcc/arm-none-eabi/15.1.0/thumb\libgcc.a(_arm_addsubdf3.o)
                              ball.o (__aeabi_dadd)
C:/devkitPRO/devkitARM/bin/../lib/gcc/arm-none-eabi/15.1.0/thumb\libgcc.a(_arm_truncdfsf2.o)
                              ball.o (__aeabi_d2f)
C:/devkitPRO/devkitARM/bin/../lib/gcc/arm-none-eabi/15.1.0/thumb\libgcc.a(_arm_addsubsf3.o)
                              ball.o (__aeabi_fadd)
C:/devkitPRO/devkitARM/bin/../lib/gcc/arm-none-eabi/15.1.0/thumb\libgcc.a(_arm_cmpsf2.o)
                              ball.o (__aeabi_fcmple)
C:/devkitPRO/devkitARM/bin/../lib/gcc/arm-none-eabi/15.1.0/thumb\libgcc.a(_arm_fixsfsi.o)
                              ball.o (__aeabi_f2iz)
C:/devkitPRO/devkitARM/bin/../lib/gcc/arm-none-eabi/15.1.0/thumb\libgcc.a(_sync_none.o)
                              (__sync_synchronize_none)
C:/devkitPRO/devkitARM/bin/../lib/gcc/arm-none-eabi/15.1.0/../../../../arm-none-eabi/lib/thumb\libg.a(libc_a-init.o)
                              C:/devkitPRO/devkitARM/bin/../lib/gcc/arm-none-eabi/15.1.0/../../../../arm-none-eabi/lib/thumb/gba_crt0.o (__libc_init_array)
C:/devkitPRO/devkitARM/bin/../lib/gcc/arm-none-eabi/15.1.0/../../../../arm-none-eabi/lib/thumb\libg.a(libc_a-memcpy-stub.o)
                              ball.o (memcpy)
C:/devkitPRO/devkitARM/bin/../lib/gcc/arm-none-eabi/15.1.0/../../../../arm-none-eabi/lib/thumb\libsysbase.a(libsysbase_libsysbase_a-malloc_vars.o)
                              C:/devkitPRO/devkitARM/bin/../lib/gcc/arm-none-eabi/15.1.0/../../../../arm-none-eabi/lib/thumb/gba_crt0.o (fake_heap_end)

Discarded input sections

 .text          0x00000000        0x0 C:/devkitPRO/devkitARM/bin/../lib/gcc/arm-none-eabi/15.1.0/../../../../arm-none-eabi/lib/thumb/gba_crt0.o
 .data          0x00000000        0x0 C:/devkitPRO/devkitARM/bin/../lib/gcc/arm-none-eabi/15.1.0/../../../../arm-none-eabi/lib/thumb/gba_crt0.o
 .bss           0x00000000        0x0 C:/devkitPRO/devkitARM/bin/../lib/gcc/arm-none-eabi/15.1.0/../../../../arm-none-eabi/lib/thumb/gba_crt0.o
 .text          0x00000000        0x0 C:/devkitPRO/devkitARM/bin/../lib/gcc/arm-none-eabi/15.1.0/thumb/crti.o
 .data          0x00000000        0x0 C:/devkitPRO/devkitARM/bin/../lib/gcc/arm-none-eabi/15.1.0/thumb/crti.o
 .bss           0x00000000        0x0 C:/devkitPRO/devkitARM/bin/../lib/gcc/arm-none-eabi/15.1.0/thumb/crti.o
 .text          0x00000000        0x0 C:/devkitPRO/devkitARM/bin/../lib/gcc/arm-none-eabi/15.1.0/thumb/crtbegin.o
 .data          0x00000000        0x0 C:/devkitPRO/devkitARM/bin/../lib/gcc/arm-none-eabi/15.1.0/thumb/crtbegin.o
 .bss           0x00000000        0x0 C:/devkitPRO/devkitARM/bin/../lib/gcc/arm-none-eabi/15.1.0/thumb/crtbegin.o
 .rodata.all_implied_fbits
                0x00000000       0x24 C:/devkitPRO/devkitARM/bin/../lib/gcc/arm-none-eabi/15.1.0/thumb/crtbegin.o
 .data.__dso_handle
                0x00000000        0x4 C:/devkitPRO/devkitARM/bin/../lib/gcc/arm-none-eabi/15.1.0/thumb/crtbegin.o
 .text          0x00000000        0x0 main.o
 .data          0x00000000        0x0 main.o
 .text          0x00000000        0x0 game_background.o
 .data          0x00000000        0x0 game_background.o
 .bss           0x00000000        0x0 game_background.o
 .text          0x00000000        0x0 game_ball.o
 .data          0x00000000        0x0 game_ball.o
 .bss           0x00000000        0x0 game_ball.o
 .data          0x00000000        0x0 C:/devkitPRO/libtonc/lib\libtonc.a(tonc_oam.o)
 .bss           0x00000000        0x0 C:/devkitPRO/libtonc/lib\libtonc.a(tonc_oam.o)
 .data          0x00000000        0x0 C:/devkitPRO/libtonc/lib\libtonc.a(tonc_bios.o)
 .bss           0x00000000        0x0 C:/devkitPRO/libtonc/lib\libtonc.a(tonc_bios.o)
 .text          0x00000000       0x44 C:/devkitPRO/libtonc/lib\libtonc.a(tonc_memcpy.o)
 .data          0x00000000        0x0 C:/devkitPRO/libtonc/lib\libtonc.a(tonc_memcpy.o)
 .bss           0x00000000        0x0 C:/devkitPRO/libtonc/lib\libtonc.a(tonc_memcpy.o)
 .data          0x00000000        0x0 C:/devkitPRO/devkitARM/bin/../lib/gcc/arm-none-eabi/15.1.0/thumb\libgcc.a(_arm_addsubdf3.o)
 .bss           0x00000000        0x0 C:/devkitPRO/devkitARM/bin/../lib/gcc/arm-none-eabi/15.1.0/thumb\libgcc.a(_arm_addsubdf3.o)
 .data          0x00000000        0x0 C:/devkitPRO/devkitARM/bin/../lib/gcc/arm-none-eabi/15.1.0/thumb\libgcc.a(_arm_truncdfsf2.o)
 .bss           0x00000000        0x0 C:/devkitPRO/devkitARM/bin/../lib/gcc/arm-none-eabi/15.1.0/thumb\libgcc.a(_arm_truncdfsf2.o)
 .data          0x00000000        0x0 C:/devkitPRO/devkitARM/bin/../lib/gcc/arm-none-eabi/15.1.0/thumb\libgcc.a(_arm_addsubsf3.o)
 .bss           0x00000000        0x0 C:/devkitPRO/devkitARM/bin/../lib/gcc/arm-none-eabi/15.1.0/thumb\libgcc.a(_arm_addsubsf3.o)
 .data          0x00000000        0x0 C:/devkitPRO/devkitARM/bin/../lib/gcc/arm-none-eabi/15.1.0/thumb\libgcc.a(_arm_cmpsf2.o)
 .bss           0x00000000        0x0 C:/devkitPRO/devkitARM/bin/../lib/gcc/arm-none-eabi/15.1.0/thumb\libgcc.a(_arm_cmpsf2.o)
 .data          0x00000000        0x0 C:/devkitPRO/devkitARM/bin/../lib/gcc/arm-none-eabi/15.1.0/thumb\libgcc.a(_arm_fixsfsi.o)
 .bss           0x00000000        0x0 C:/devkitPRO/devkitARM/bin/../lib/gcc/arm-none-eabi/15.1.0/thumb\libgcc.a(_arm_fixsfsi.o)
 .text          0x00000000        0x4 C:/devkitPRO/devkitARM/bin/../lib/gcc/arm-none-eabi/15.1.0/thumb\libgcc.a(_sync_none.o)
 .data          0x00000000        0x0 C:/devkitPRO/devkitARM/bin/../lib/gcc/arm-none-eabi/15.1.0/thumb\libgcc.a(_sync_none.o)
 .bss           0x00000000        0x0 C:/devkitPRO/devkitARM/bin/../lib/gcc/arm-none-eabi/15.1.0/thumb\libgcc.a(_sync_none.o)
 .text          0x00000000        0x0 C:/devkitPRO/devkitARM/bin/../lib/gcc/arm-none-eabi/15.1.0/../../../../arm-none-eabi/lib/thumb\libg.a(libc_a-init.o)
 .data          0x00000000        0x0 C:/devkitPRO/devkitARM/bin/../lib/gcc/arm-none-eabi/15.1.0/../../../../arm-none-eabi/lib/thumb\libg.a(libc_a-init.o)
 .bss           0x00000000        0x0 C:/devkitPRO/devkitARM/bin/../lib/gcc/arm-none-eabi/15.1.0/../../../../arm-none-eabi/lib/thumb\libg.a(libc_a-init.o)
 .text          0x00000000        0x0 C:/devkitPRO/devkitARM/bin/../lib/gcc/arm-none-eabi/15.1.0/../../../../arm-none-eabi/lib/thumb\libg.a(libc_a-memcpy-stub.o)
 .data          0x00000000        0x0 C:/devkitPRO/devkitARM/bin/../lib/gcc/arm-none-eabi/15.1.0/../../../../arm-none-eabi/lib/thumb\libg.a(libc_a-memcpy-stub.o)
 .bss           0x00000000        0x0 C:/devkitPRO/devkitARM/bin/../lib/gcc/arm-none-eabi/15.1.0/../../../../arm-none-eabi/lib/thumb\libg.a(libc_a-memcpy-stub.o)
 .text          0x00000000        0x0 C:/devkitPRO/devkitARM/bin/../lib/gcc/arm-none-eabi/15.1.0/../../../../arm-none-eabi/lib/thumb\libsysbase.a(libsysbase_libsysbase_a-malloc_vars.o)
 .data          0x00000000        0x0 C:/devkitPRO/devkitARM/bin/../lib/gcc/arm-none-eabi/15.1.0/../../../../arm-none-eabi/lib/thumb\libsysbase.a(libsysbase_libsysbase_a-malloc_vars.o)
 .bss           0x00000000        0x0 C:/devkitPRO/devkitARM/bin/../lib/gcc/arm-none-eabi/15.1.0/../../../../arm-none-eabi/lib/thumb\libsysbase.a(libsysbase_libsysbase_a-malloc_vars.o)
 .bss.fake_heap_start
                0x00000000        0x4 C:/devkitPRO/devkitARM/bin/../lib/gcc/arm-none-eabi/15.1.0/../../../../arm-none-eabi/lib/thumb\libsysbase.a(libsysbase_libsysbase_a-malloc_vars.o)
 .text          0x00000000        0x0 C:/devkitPRO/devkitARM/bin/../lib/gcc/arm-none-eabi/15.1.0/thumb/crtend.o
 .data          0x00000000        0x0 C:/devkitPRO/devkitARM/bin/../lib/gcc/arm-none-eabi/15.1.0/thumb/crtend.o
 .bss           0x00000000        0x0 C:/devkitPRO/devkitARM/bin/../lib/gcc/arm-none-eabi/15.1.0/thumb/crtend.o
 .rodata.all_implied_fbits
                0x00000000       0x24 C:/devkitPRO/devkitARM/bin/../lib/gcc/arm-none-eabi/15.1.0/thumb/crtend.o
 .text          0x00000000        0x0 C:/devkitPRO/devkitARM/bin/../lib/gcc/arm-none-eabi/15.1.0/thumb/crtn.o
 .data          0x00000000        0x0 C:/devkitPRO/devkitARM/bin/../lib/gcc/arm-none-eabi/15.1.0/thumb/crtn.o
 .bss           0x00000000        0x0 C:/devkitPRO/devkitARM/bin/../lib/gcc/arm-none-eabi/15.1.0/thumb/crtn.o

Memory Configuration

Name             Origin             Length             Attributes
rom              0x08000000         0x02000000
iwram            0x03000000         0x00008000
ewram            0x02000000         0x00040000
*default*        0x00000000         0xffffffff

Linker script and memory map

                0x00000000                        __sync_synchronize = __sync_synchronize_none
                0x08000000                        __text_start = ORIGIN (rom)
                0x02040000                        __eheap_end = (ORIGIN (ewram) + LENGTH (ewram))
                0x03000000                        __iwram_start = ORIGIN (iwram)
                0x03008000                        __iwram_top = (ORIGIN (iwram) + LENGTH (iwram))
                0x03007fa0                        __sp_irq = (__iwram_top - 0x60)
                0x03007f00                        __sp_usr = (__sp_irq - 0xa0)
                0x03007ff8                        __irq_flags = 0x3007ff8
                0x08000000                        . = __text_start

.crt0           0x08000000      0x210
 *(.crt0)
 .crt0          0x08000000      0x210 C:/devkitPRO/devkitARM/bin/../lib/gcc/arm-none-eabi/15.1.0/../../../../arm-none-eabi/lib/thumb/gba_crt0.o
                0x08000000                _start
                0x080000c4                __boot_method
                0x080000c5                __slave_number
                0x080000e0                start_vector
                0x08000210                        . = ALIGN (0x4)

.init           0x08000210        0xc
 *(SORT_NONE(.init))
 .init          0x08000210        0x4 C:/devkitPRO/devkitARM/bin/../lib/gcc/arm-none-eabi/15.1.0/thumb/crti.o
                0x08000210                _init
 .init          0x08000214        0x8 C:/devkitPRO/devkitARM/bin/../lib/gcc/arm-none-eabi/15.1.0/thumb/crtn.o

.plt            0x0800021c        0x0
 *(.plt)
                0x0800021c                        . = ALIGN (0x4)

.text           0x08000220      0xe60
 *(EXCLUDE_FILE(*.iwram*) .text*)
 .text.__do_global_dtors_aux
                0x08000220       0x2c C:/devkitPRO/devkitARM/bin/../lib/gcc/arm-none-eabi/15.1.0/thumb/crtbegin.o
 .text.frame_dummy
                0x0800024c       0x24 C:/devkitPRO/devkitARM/bin/../lib/gcc/arm-none-eabi/15.1.0/thumb/crtbegin.o
 .text          0x08000270       0xfc ball.o
                0x08000270                ball_init
                0x080002c4                ball_update
 .text.startup  0x0800036c       0xf4 main.o
                0x0800036c                main
 .text          0x08000460       0xac C:/devkitPRO/libtonc/lib\libtonc.a(tonc_input.o)
                0x08000460                key_poll
                0x080004b8                key_wait_till_hit
                0x080004dc                key_repeat
                0x080004e8                key_repeat_mask
                0x080004f8                key_repeat_limits
 .text          0x0800050c       0xc0 C:/devkitPRO/libtonc/lib\libtonc.a(tonc_oam.o)
                0x0800050c                oam_init
                0x08000558                obj_copy
                0x08000578                obj_hide_multi
                0x080005a0                obj_unhide_multi
 .text          0x080005cc       0x8c C:/devkitPRO/libtonc/lib\libtonc.a(tonc_bios.o)
                0x080005cc                SoftReset
                0x080005d0                RegisterRamReset
                0x080005d4                Halt
                0x080005d8                Stop
                0x080005dc                IntrWait
                0x080005e0                VBlankIntrWait
                0x080005e4                Div
                0x080005e8                DivArm
                0x080005ec                Sqrt
                0x080005f0                ArcTan
                0x080005f4                ArcTan2
                0x080005f8                CpuSet
                0x080005fc                CpuFastSet
                0x08000600                BiosCheckSum
                0x08000604                BgAffineSet
                0x08000608                ObjAffineSet
                0x0800060c                BitUnPack
                0x08000610                LZ77UnCompWram
                0x08000614                LZ77UnCompVram
                0x08000618                HuffUnComp
                0x0800061c                RLUnCompWram
                0x08000620                RLUnCompVram
                0x08000624                Diff8bitUnFilterWram
                0x08000628                Diff8bitUnFilterVram
                0x0800062c                Diff16bitUnFilter
                0x08000630                SoundBias
                0x08000634                SoundDriverInit
                0x08000638                SoundDriverMode
                0x0800063c                SoundDriverMain
                0x08000640                SoundDriverVSync
                0x08000644                SoundChannelClear
                0x08000648                MidiKey2Freq
                0x0800064c                MultiBoot
                0x08000650                SoundDriverVSyncOff
                0x08000654                SoundDriverVSyncOn
 .text          0x08000658      0x424 C:/devkitPRO/devkitARM/bin/../lib/gcc/arm-none-eabi/15.1.0/thumb\libgcc.a(_arm_addsubdf3.o)
                0x08000658                __aeabi_drsub
                0x08000660                __aeabi_dsub
                0x08000660                __subdf3
                0x08000664                __aeabi_dadd
                0x08000664                __adddf3
                0x08000974                __floatunsidf
                0x08000974                __aeabi_ui2d
                0x08000998                __floatsidf
                0x08000998                __aeabi_i2d
                0x080009c0                __aeabi_f2d
                0x080009c0                __extendsfdf2
                0x08000a08                __floatundidf
                0x08000a08                __aeabi_ul2d
                0x08000a1c                __floatdidf
                0x08000a1c                __aeabi_l2d
 .text          0x08000a7c       0xa0 C:/devkitPRO/devkitARM/bin/../lib/gcc/arm-none-eabi/15.1.0/thumb\libgcc.a(_arm_truncdfsf2.o)
                0x08000a7c                __truncdfsf2
                0x08000a7c                __aeabi_d2f
 .text          0x08000b1c      0x2ac C:/devkitPRO/devkitARM/bin/../lib/gcc/arm-none-eabi/15.1.0/thumb\libgcc.a(_arm_addsubsf3.o)
                0x08000b1c                __aeabi_frsub
                0x08000b24                __subsf3
                0x08000b24                __aeabi_fsub
                0x08000b28                __aeabi_fadd
                0x08000b28                __addsf3
                0x08000ce4                __aeabi_ui2f
                0x08000ce4                __floatunsisf
                0x08000cec                __aeabi_i2f
                0x08000cec                __floatsisf
                0x08000d0c                __aeabi_ul2f
                0x08000d0c                __floatundisf
                0x08000d1c                __aeabi_l2f
                0x08000d1c                __floatdisf
 .text          0x08000dc8      0x114 C:/devkitPRO/devkitARM/bin/../lib/gcc/arm-none-eabi/15.1.0/thumb\libgcc.a(_arm_cmpsf2.o)
                0x08000dc8                __gesf2
                0x08000dc8                __gtsf2
                0x08000dd0                __lesf2
                0x08000dd0                __ltsf2
                0x08000dd8                __nesf2
                0x08000dd8                __eqsf2
                0x08000dd8                __cmpsf2
                0x08000e3c                __aeabi_cfrcmple
                0x08000e4c                __aeabi_cfcmpeq
                0x08000e4c                __aeabi_cfcmple
                0x08000e64                __aeabi_fcmpeq
                0x08000e7c                __aeabi_fcmplt
                0x08000e94                __aeabi_fcmple
                0x08000eac                __aeabi_fcmpge
                0x08000ec4                __aeabi_fcmpgt
 .text          0x08000edc       0x5c C:/devkitPRO/devkitARM/bin/../lib/gcc/arm-none-eabi/15.1.0/thumb\libgcc.a(_arm_fixsfsi.o)
                0x08000edc                __aeabi_f2iz
                0x08000edc                __fixsfsi
 .text.__libc_init_array
                0x08000f38       0x54 C:/devkitPRO/devkitARM/bin/../lib/gcc/arm-none-eabi/15.1.0/../../../../arm-none-eabi/lib/thumb\libg.a(libc_a-init.o)
                0x08000f38                __libc_init_array
 .text.memcpy   0x08000f8c       0xb0 C:/devkitPRO/devkitARM/bin/../lib/gcc/arm-none-eabi/15.1.0/../../../../arm-none-eabi/lib/thumb\libg.a(libc_a-memcpy-stub.o)
                0x08000f8c                memcpy
 *fill*         0x0800103c        0x4 ff
 .text.memcpy.__stub
                0x08001040       0x40 linker stubs
 *(.gnu.linkonce.t.*)
 *(.text.*personality*)
 *(.gnu.warning)
 *(.glue_7t)
 .glue_7t       0x08001080        0x0 linker stubs
 *(.glue_7)
 .glue_7        0x08001080        0x0 linker stubs
 *(.vfp11_veneer)
 .vfp11_veneer  0x08001080        0x0 linker stubs
                0x08001080                        . = ALIGN (0x4)
                0x08001080                        __text_end = .

.v4_bx          0x08001080        0x0
 .v4_bx         0x08001080        0x0 linker stubs

.iplt           0x08001080        0x0
 .iplt          0x08001080        0x0 C:/devkitPRO/devkitARM/bin/../lib/gcc/arm-none-eabi/15.1.0/../../../../arm-none-eabi/lib/thumb/gba_crt0.o

.fini           0x08001080        0xc
 *(.fini)
 .fini          0x08001080        0x4 C:/devkitPRO/devkitARM/bin/../lib/gcc/arm-none-eabi/15.1.0/thumb/crti.o
                0x08001080                _fini
 .fini          0x08001084        0x8 C:/devkitPRO/devkitARM/bin/../lib/gcc/arm-none-eabi/15.1.0/thumb/crtn.o
                0x0800108c                        . = ALIGN (0x4)

.rodata         0x0800108c     0x79b0
 *(.rodata)
 .rodata        0x0800108c     0x7770 game_background.o
                0x0800108c                game_backgroundPal
                0x0800128c                game_backgroundMap
                0x0800173c                game_backgroundTiles
 .rodata        0x080087fc      0x240 game_ball.o
                0x080087fc                game_ballPal
                0x080089fc                game_ballTiles
 *all.rodata*(*)
 *(.roda)
 *(.rodata.*)
 *(.gnu.linkonce.r*)
                0x08008a3c                        . = ALIGN (0x4)

.ARM.extab
 *(.ARM.extab* .gnu.linkonce.armextab.*)
                0x08008a3c                        __exidx_start = .

.ARM.exidx
 *(.ARM.exidx* .gnu.linkonce.armexidx.*)
                0x08008a3c                        __exidx_end = .

.ctors          0x08008a3c        0x0
 *crtbegin.o(.ctors)
 *(EXCLUDE_FILE(*crtend.o) .ctors)
 *(SORT_BY_NAME(.ctors.*))
 *(.ctors)
                0x08008a3c                        . = ALIGN (0x4)

.dtors          0x08008a3c        0x0
 *crtbegin.o(.dtors)
 *(EXCLUDE_FILE(*crtend.o) .dtors)
 *(SORT_BY_NAME(.dtors.*))
 *(.dtors)
                0x08008a3c                        . = ALIGN (0x4)

.eh_frame       0x08008a3c        0x4
 *(.eh_frame)
 .eh_frame      0x08008a3c        0x0 C:/devkitPRO/devkitARM/bin/../lib/gcc/arm-none-eabi/15.1.0/thumb/crtbegin.o
 .eh_frame      0x08008a3c        0x4 C:/devkitPRO/devkitARM/bin/../lib/gcc/arm-none-eabi/15.1.0/thumb/crtend.o
                0x08008a40                        . = ALIGN (0x4)

.gcc_except_table
                0x08008a40        0x0
 *(.gcc_except_table)
                0x08008a40                        . = ALIGN (0x4)
                0x08008a40                        __iwram_lma = .

.iwram          0x03000000       0x38 load address 0x08008a40
                0x03000000                        __iwram_start__ = ABSOLUTE (.)
 *(.iwram .iwram*)
 .iwram         0x03000000       0x38 C:/devkitPRO/libtonc/lib\libtonc.a(tonc_memcpy.o)
                0x03000000                memcpy32
 *iwram.*(.text* .data*)
                0x03000038                        . = ALIGN (0x4)
                0x03000038                        __iwram_end__ = ABSOLUTE (.)
                0x08008a78                        __data_lma = (__iwram_lma + SIZEOF (.iwram))

.bss            0x03000038      0x42c
                0x03000038                        __bss_start = ABSOLUTE (.)
                0x03000038                        __bss_start__ = ABSOLUTE (.)
 *(.dynbss)
 *(.gnu.linkonce.b*)
 *(.bss*)
 .bss.completed.1
                0x03000038        0x1 C:/devkitPRO/devkitARM/bin/../lib/gcc/arm-none-eabi/15.1.0/thumb/crtbegin.o
 *fill*         0x03000039        0x3 
 .bss.object.0  0x0300003c       0x18 C:/devkitPRO/devkitARM/bin/../lib/gcc/arm-none-eabi/15.1.0/thumb/crtbegin.o
 .bss           0x03000054        0x8 ball.o
                0x03000054                ball
                0x03000058                ball_velocity
 .bss           0x0300005c      0x400 main.o
                0x0300005c                obj_buffer
 .bss           0x0300045c        0x4 C:/devkitPRO/libtonc/lib\libtonc.a(tonc_input.o)
                0x0300045c                __key_curr
                0x0300045e                __key_prev
 .bss.fake_heap_end
                0x03000460        0x4 C:/devkitPRO/devkitARM/bin/../lib/gcc/arm-none-eabi/15.1.0/../../../../arm-none-eabi/lib/thumb\libsysbase.a(libsysbase_libsysbase_a-malloc_vars.o)
                0x03000460                fake_heap_end
 *(COMMON)
                0x03000464                        . = ALIGN (0x4)
                0x03000464                        __bss_end__ = ABSOLUTE (.)

.data           0x03000464        0xc load address 0x08008a78
                0x03000464                        __data_start__ = ABSOLUTE (.)
 *(.data*)
 .data          0x03000464        0x4 ball.o
                0x03000464                ball_Y
 .data          0x03000468        0x8 C:/devkitPRO/libtonc/lib\libtonc.a(tonc_input.o)
                0x03000468                __key_rpt
 *(.gnu.linkonce.d*)
                0x03000470                        . = ALIGN (0x4)
                0x08008a84                        __preinit_lma = (__data_lma + SIZEOF (.data))

.igot.plt       0x03000470        0x0 load address 0x08008a84
 .igot.plt      0x03000470        0x0 C:/devkitPRO/devkitARM/bin/../lib/gcc/arm-none-eabi/15.1.0/../../../../arm-none-eabi/lib/thumb/gba_crt0.o

.preinit_array  0x03000470        0x0 load address 0x08008a84
                0x03000470                        __preinit_array_start = ABSOLUTE (.)
 *(.preinit_array)
                0x03000470                        __preinit_array_end = ABSOLUTE (.)
                0x08008a84                        __init_lma = (__preinit_lma + SIZEOF (.preinit_array))

.init_array     0x03000470        0x4 load address 0x08008a84
                0x03000470                        __init_array_start = ABSOLUTE (.)
 *(SORT_BY_NAME(.init_array.*))
 *(.init_array)
 .init_array    0x03000470        0x4 C:/devkitPRO/devkitARM/bin/../lib/gcc/arm-none-eabi/15.1.0/thumb/crtbegin.o
                0x03000474                        __init_array_end = ABSOLUTE (.)
                0x08008a88                        __fini_lma = (__init_lma + SIZEOF (.init_array))

.fini_array     0x03000474        0x4 load address 0x08008a88
                0x03000474                        __fini_array_start = ABSOLUTE (.)
 *(SORT_BY_NAME(.fini_array.*))
 *(.fini_array)
 .fini_array    0x03000474        0x4 C:/devkitPRO/devkitARM/bin/../lib/gcc/arm-none-eabi/15.1.0/thumb/crtbegin.o
                0x03000478                        __fini_array_end = ABSOLUTE (.)
                0x08008a8c                        __jcr_lma = (__fini_lma + SIZEOF (.fini_array))

.jcr
 *(.jcr)
                0x03000478                        __data_end__ = ABSOLUTE (.)
                0x08008a8c                        __iwram_overlay_lma = (__jcr_lma + SIZEOF (.jcr))
                0x03000478                        __iwram_overlay_start = .

.iwram0         0x03000478        0x0 load address 0x08008a8c
 *(.iwram0)
                0x03000478                        . = ALIGN (0x4)
                0x08008a8c                        PROVIDE (__load_start_iwram0 = LOADADDR (.iwram0))
                0x08008a8c                        PROVIDE (__load_stop_iwram0 = (LOADADDR (.iwram0) + SIZEOF (.iwram0)))

.iwram1         0x03000478        0x0
 *(.iwram1)
                0x03000478                        . = ALIGN (0x4)
                [!provide]                        PROVIDE (__load_start_iwram1 = LOADADDR (.iwram1))
                [!provide]                        PROVIDE (__load_stop_iwram1 = (LOADADDR (.iwram1) + SIZEOF (.iwram1)))

.iwram2         0x03000478        0x0
 *(.iwram2)
                0x03000478                        . = ALIGN (0x4)
                [!provide]                        PROVIDE (__load_start_iwram2 = LOADADDR (.iwram2))
                [!provide]                        PROVIDE (__load_stop_iwram2 = (LOADADDR (.iwram2) + SIZEOF (.iwram2)))

.iwram3         0x03000478        0x0
 *(.iwram3)
                0x03000478                        . = ALIGN (0x4)
                [!provide]                        PROVIDE (__load_start_iwram3 = LOADADDR (.iwram3))
                [!provide]                        PROVIDE (__load_stop_iwram3 = (LOADADDR (.iwram3) + SIZEOF (.iwram3)))

.iwram4         0x03000478        0x0
 *(.iwram4)
                0x03000478                        . = ALIGN (0x4)
                [!provide]                        PROVIDE (__load_start_iwram4 = LOADADDR (.iwram4))
                [!provide]                        PROVIDE (__load_stop_iwram4 = (LOADADDR (.iwram4) + SIZEOF (.iwram4)))

.iwram5         0x03000478        0x0
 *(.iwram5)
                0x03000478                        . = ALIGN (0x4)
                [!provide]                        PROVIDE (__load_start_iwram5 = LOADADDR (.iwram5))
                [!provide]                        PROVIDE (__load_stop_iwram5 = (LOADADDR (.iwram5) + SIZEOF (.iwram5)))

.iwram6         0x03000478        0x0
 *(.iwram6)
                0x03000478                        . = ALIGN (0x4)
                [!provide]                        PROVIDE (__load_start_iwram6 = LOADADDR (.iwram6))
                [!provide]                        PROVIDE (__load_stop_iwram6 = (LOADADDR (.iwram6) + SIZEOF (.iwram6)))

.iwram7         0x03000478        0x0
 *(.iwram7)
                0x03000478                        . = ALIGN (0x4)
                [!provide]                        PROVIDE (__load_start_iwram7 = LOADADDR (.iwram7))
                [!provide]                        PROVIDE (__load_stop_iwram7 = (LOADADDR (.iwram7) + SIZEOF (.iwram7)))

.iwram8         0x03000478        0x0
 *(.iwram8)
                0x03000478                        . = ALIGN (0x4)
                [!provide]                        PROVIDE (__load_start_iwram8 = LOADADDR (.iwram8))
                [!provide]                        PROVIDE (__load_stop_iwram8 = (LOADADDR (.iwram8) + SIZEOF (.iwram8)))

.iwram9         0x03000478        0x0
 *(.iwram9)
                0x03000478                        . = ALIGN (0x4)
                [!provide]                        PROVIDE (__load_start_iwram9 = LOADADDR (.iwram9))
                [!provide]                        PROVIDE (__load_stop_iwram9 = (LOADADDR (.iwram9) + SIZEOF (.iwram9)))
                0x03000478                        __iwram_overlay_end = .
                0x08008a8c                        __ewram_lma = (__iwram_overlay_lma + (__iwram_overlay_end - __iwram_overlay_start))
                0x03000478                        __iheap_start = .
                0x02000000                        __ewram_start = ORIGIN (ewram)

.ewram          0x02000000        0x0 load address 0x08008a8c
 *(.ewram*)
                0x02000000                        . = ALIGN (0x4)
                0x02000000                        __ewram_end = ABSOLUTE (.)
                0x08008a8c                        __pad_lma = (__ewram_lma + SIZEOF (.ewram))

.sbss           0x02000000        0x0
                0x02000000                        __sbss_start__ = ABSOLUTE (.)
 *(.sbss*)
                0x02000000                        . = ALIGN (0x4)
                0x02000000                        __sbss_end__ = ABSOLUTE (.)
                0x02000000                        __end__ = ABSOLUTE (.)
                0x02000000                        __eheap_start = ABSOLUTE (.)

.pad            0x02000000        0x8 load address 0x08008a8c
                0x02000000        0x4 LONG 0x52416b64
                0x02000004        0x4 LONG 0x4d
                0x02000008                        . = ALIGN (0x4)
                0x08008a94                        __rom_end__ = (__pad_lma + SIZEOF (.pad))

.rel.dyn        0x02000008        0x0 load address 0x08008a94
 .rel.iplt      0x02000008        0x0 C:/devkitPRO/devkitARM/bin/../lib/gcc/arm-none-eabi/15.1.0/../../../../arm-none-eabi/lib/thumb/gba_crt0.o

.stab
 *(.stab)

.stabstr
 *(.stabstr)

.stab.excl
 *(.stab.excl)

.stab.exclstr
 *(.stab.exclstr)

.stab.index
 *(.stab.index)

.stab.indexstr
 *(.stab.indexstr)

.comment        0x00000000       0x23
 *(.comment)
 .comment       0x00000000       0x23 C:/devkitPRO/devkitARM/bin/../lib/gcc/arm-none-eabi/15.1.0/thumb/crtbegin.o
                                 0x24 (size before relaxing)
 .comment       0x00000023       0x24 ball.o
 .comment       0x00000023       0x24 main.o
 .comment       0x00000023       0x24 game_background.o
 .comment       0x00000023       0x24 game_ball.o
 .comment       0x00000023       0x24 C:/devkitPRO/libtonc/lib\libtonc.a(tonc_input.o)
 .comment       0x00000023       0x24 C:/devkitPRO/libtonc/lib\libtonc.a(tonc_oam.o)
 .comment       0x00000023       0x24 C:/devkitPRO/devkitARM/bin/../lib/gcc/arm-none-eabi/15.1.0/../../../../arm-none-eabi/lib/thumb\libg.a(libc_a-init.o)
 .comment       0x00000023       0x24 C:/devkitPRO/devkitARM/bin/../lib/gcc/arm-none-eabi/15.1.0/../../../../arm-none-eabi/lib/thumb\libg.a(libc_a-memcpy-stub.o)
 .comment       0x00000023       0x24 C:/devkitPRO/devkitARM/bin/../lib/gcc/arm-none-eabi/15.1.0/../../../../arm-none-eabi/lib/thumb\libsysbase.a(libsysbase_libsysbase_a-malloc_vars.o)
 .comment       0x00000023       0x24 C:/devkitPRO/devkitARM/bin/../lib/gcc/arm-none-eabi/15.1.0/thumb/crtend.o

.debug
 *(.debug)

.line
 *(.line)

.debug_srcinfo
 *(.debug_srcinfo)

.debug_sfnames
 *(.debug_sfnames)

.debug_aranges  0x00000000       0x70
 *(.debug_aranges)
 .debug_aranges
                0x00000000       0x20 ball.o
 .debug_aranges
                0x00000020       0x20 main.o
 .debug_aranges
                0x00000040       0x18 game_background.o
 .debug_aranges
                0x00000058       0x18 game_ball.o

.debug_pubnames
 *(.debug_pubnames)

.debug_info     0x00000000      0xb60
 *(.debug_info)
 .debug_info    0x00000000      0x443 ball.o
 .debug_info    0x00000443      0x5e7 main.o
 .debug_info    0x00000a2a       0xb0 game_background.o
 .debug_info    0x00000ada       0x86 game_ball.o

.debug_abbrev   0x00000000      0x56a
 *(.debug_abbrev)
 .debug_abbrev  0x00000000      0x1f8 ball.o
 .debug_abbrev  0x000001f8      0x2ac main.o
 .debug_abbrev  0x000004a4       0x73 game_background.o
 .debug_abbrev  0x00000517       0x53 game_ball.o

.debug_line     0x00000000      0x674
 *(.debug_line)
 .debug_line    0x00000000      0x25f ball.o
 .debug_line    0x0000025f      0x333 main.o
 .debug_line    0x00000592       0x74 game_background.o
 .debug_line    0x00000606       0x6e game_ball.o

.debug_frame    0x00000000       0x84
 *(.debug_frame)
 .debug_frame   0x00000000       0x4c ball.o
 .debug_frame   0x0000004c       0x38 main.o

.debug_str      0x00000000      0x4db
 *(.debug_str)
 .debug_str     0x00000000      0x4db ball.o
                                0x37e (size before relaxing)
 .debug_str     0x000004db      0x38f main.o
 .debug_str     0x000004db      0x14b game_background.o
 .debug_str     0x000004db      0x126 game_ball.o

.debug_loc
 *(.debug_loc)

.debug_macinfo
 *(.debug_macinfo)

.debug_weaknames
 *(.debug_weaknames)

.debug_funcnames
 *(.debug_funcnames)

.debug_typenames
 *(.debug_typenames)

.debug_varnames
 *(.debug_varnames)

.stack          0x00080000        0x0
                0x00080000                        _stack = .
 *(.stack)

.note.gnu.arm.ident
 *(.note.gnu.arm.ident)

.ARM.attributes
                0x00000000       0x2c
 *(.ARM.attributes)
 .ARM.attributes
                0x00000000       0x20 C:/devkitPRO/devkitARM/bin/../lib/gcc/arm-none-eabi/15.1.0/../../../../arm-none-eabi/lib/thumb/gba_crt0.o
 .ARM.attributes
                0x00000020       0x1c C:/devkitPRO/devkitARM/bin/../lib/gcc/arm-none-eabi/15.1.0/thumb/crti.o
 .ARM.attributes
                0x0000003c       0x2a C:/devkitPRO/devkitARM/bin/../lib/gcc/arm-none-eabi/15.1.0/thumb/crtbegin.o
 .ARM.attributes
                0x00000066       0x2a ball.o
 .ARM.attributes
                0x00000090       0x2a main.o
 .ARM.attributes
                0x000000ba       0x2a game_background.o
 .ARM.attributes
                0x000000e4       0x2a game_ball.o
 .ARM.attributes
                0x0000010e       0x2a C:/devkitPRO/libtonc/lib\libtonc.a(tonc_input.o)
 .ARM.attributes
                0x00000138       0x2a C:/devkitPRO/libtonc/lib\libtonc.a(tonc_oam.o)
 .ARM.attributes
                0x00000162       0x1a C:/devkitPRO/libtonc/lib\libtonc.a(tonc_bios.o)
 .ARM.attributes
                0x0000017c       0x1a C:/devkitPRO/libtonc/lib\libtonc.a(tonc_memcpy.o)
 .ARM.attributes
                0x00000196       0x1c C:/devkitPRO/devkitARM/bin/../lib/gcc/arm-none-eabi/15.1.0/thumb\libgcc.a(_arm_addsubdf3.o)
 .ARM.attributes
                0x000001b2       0x1c C:/devkitPRO/devkitARM/bin/../lib/gcc/arm-none-eabi/15.1.0/thumb\libgcc.a(_arm_truncdfsf2.o)
 .ARM.attributes
                0x000001ce       0x1c C:/devkitPRO/devkitARM/bin/../lib/gcc/arm-none-eabi/15.1.0/thumb\libgcc.a(_arm_addsubsf3.o)
 .ARM.attributes
                0x000001ea       0x1c C:/devkitPRO/devkitARM/bin/../lib/gcc/arm-none-eabi/15.1.0/thumb\libgcc.a(_arm_cmpsf2.o)
 .ARM.attributes
                0x00000206       0x1c C:/devkitPRO/devkitARM/bin/../lib/gcc/arm-none-eabi/15.1.0/thumb\libgcc.a(_arm_fixsfsi.o)
 .ARM.attributes
                0x00000222       0x1c C:/devkitPRO/devkitARM/bin/../lib/gcc/arm-none-eabi/15.1.0/thumb\libgcc.a(_sync_none.o)
 .ARM.attributes
                0x0000023e       0x2a C:/devkitPRO/devkitARM/bin/../lib/gcc/arm-none-eabi/15.1.0/../../../../arm-none-eabi/lib/thumb\libg.a(libc_a-init.o)
 .ARM.attributes
                0x00000268       0x2a C:/devkitPRO/devkitARM/bin/../lib/gcc/arm-none-eabi/15.1.0/../../../../arm-none-eabi/lib/thumb\libg.a(libc_a-memcpy-stub.o)
 .ARM.attributes
                0x00000292       0x2a C:/devkitPRO/devkitARM/bin/../lib/gcc/arm-none-eabi/15.1.0/../../../../arm-none-eabi/lib/thumb\libsysbase.a(libsysbase_libsysbase_a-malloc_vars.o)
 .ARM.attributes
                0x000002bc       0x2a C:/devkitPRO/devkitARM/bin/../lib/gcc/arm-none-eabi/15.1.0/thumb/crtend.o
 .ARM.attributes
                0x000002e6       0x1c C:/devkitPRO/devkitARM/bin/../lib/gcc/arm-none-eabi/15.1.0/thumb/crtn.o

/DISCARD/
 *(.note.GNU-stack)
LOAD C:/devkitPRO/devkitARM/bin/../lib/gcc/arm-none-eabi/15.1.0/../../../../arm-none-eabi/lib/thumb/gba_crt0.o
LOAD C:/devkitPRO/devkitARM/bin/../lib/gcc/arm-none-eabi/15.1.0/thumb/crti.o
LOAD C:/devkitPRO/devkitARM/bin/../lib/gcc/arm-none-eabi/15.1.0/thumb/crtbegin.o
LOAD ball.o
LOAD main.o
LOAD game_background.o
LOAD game_ball.o
LOAD C:/devkitPRO/libgba/lib\libmm.a
LOAD C:/devkitPRO/libtonc/lib\libtonc.a
START GROUP
LOAD C:/devkitPRO/devkitARM/bin/../lib/gcc/arm-none-eabi/15.1.0/thumb\libgcc.a
LOAD C:/devkitPRO/devkitARM/bin/../lib/gcc/arm-none-eabi/15.1.0/../../../../arm-none-eabi/lib/thumb\libg.a
LOAD C:/devkitPRO/devkitARM/bin/../lib/gcc/arm-none-eabi/15.1.0/../../../../arm-none-eabi/lib/thumb\libc.a
LOAD C:/devkitPRO/devkitARM/bin/../lib/gcc/arm-none-eabi/15.1.0/../../../../arm-none-eabi/lib/thumb\libsysbase.a
END GROUP
LOAD C:/devkitPRO/devkitARM/bin/../lib/gcc/arm-none-eabi/15.1.0/thumb/crtend.o
LOAD C:/devkitPRO/devkitARM/bin/../lib/gcc/arm-none-eabi/15.1.0/thumb/crtn.o
OUTPUT(C:/CODING_FILE/Vscode/3rdYear-1stSem/cmsc_sp/flappy-byte/flappy-byte.elf elf32-littlearm)
LOAD linker stubs

.debug_loclists
                0x00000000      0x157
 .debug_loclists
                0x00000000       0x67 ball.o
 .debug_loclists
                0x00000067       0xf0 main.o

.debug_rnglists
                0x00000000       0x58
 .debug_rnglists
                0x00000000       0x13 ball.o
 .debug_rnglists
                0x00000013       0x45 main.o
